 PhysXCooking_64

 Timestamp is 65980a1e (Fri Jan  5 14:54:38 2024)

 Preferred load address is 0000000180000000

 Start         Length     Name                   Class
 0001:00000000 00000060H .text$di                CODE
 0001:00000060 0001eb70H .text$mn                CODE
 0001:0001ebd0 00000040H .text$mn$00             CODE
 0001:0001ec10 00000680H .text$x                 CODE
 0002:00000000 00000278H .idata$5                DATA
 0002:00000278 00000038H .00cfg                  DATA
 0002:000002b0 00000008H .CRT$XCA                DATA
 0002:000002b8 00000030H .CRT$XCU                DATA
 0002:000002e8 00000008H .CRT$XCZ                DATA
 0002:000002f0 00000008H .CRT$XIA                DATA
 0002:000002f8 00000018H .CRT$XIC                DATA
 0002:00000310 00000008H .CRT$XIZ                DATA
 0002:00000318 00000008H .CRT$XPA                DATA
 0002:00000320 00000010H .CRT$XPX                DATA
 0002:00000330 00000008H .CRT$XPXA               DATA
 0002:00000338 00000008H .CRT$XPZ                DATA
 0002:00000340 00000008H .CRT$XTA                DATA
 0002:00000348 00000008H .CRT$XTZ                DATA
 0002:00000350 00000000H .gehcont$y              DATA
 0002:00000350 00000000H .gfids$y                DATA
 0002:00000350 00008db0H .rdata                  DATA
 0002:00009100 00000000H .rdata$CastGuardVftablesA DATA
 0002:00009100 00000000H .rdata$CastGuardVftablesC DATA
 0002:00009100 0000043cH .rdata$r                DATA
 0002:0000953c 00000154H .rdata$voltmd           DATA
 0002:00009690 00000440H .rdata$zzzdbg           DATA
 0002:00009ad0 00000008H .rtc$IAA                DATA
 0002:00009ad8 00000008H .rtc$IZZ                DATA
 0002:00009ae0 00000008H .rtc$TAA                DATA
 0002:00009ae8 00000008H .rtc$TZZ                DATA
 0002:00009af0 00001610H .xdata                  DATA
 0002:0000b100 00000084H .xdata$x                DATA
 0002:0000b184 00000040H .didat$2                DATA
 0002:0000b1c4 00000024H .didat$3                DATA
 0002:0000b1e8 000000d8H .didat$4                DATA
 0002:0000b2c0 00000280H .didat$6                DATA
 0002:0000b540 000000e0H .didat$7                DATA
 0002:0000b620 00000b04H .edata                  DATA
 0002:0000c124 00000014H .idata$2                DATA
 0002:0000c138 00000018H .idata$3                DATA
 0002:0000c150 00000278H .idata$4                DATA
 0002:0000c3c8 000005aeH .idata$6                DATA
 0003:00000000 00000a00H .data                   DATA
 0003:00000a00 000000e0H .data$r                 DATA
 0003:00000ae0 000000f0H .data$rs                DATA
 0003:00000bd0 000000e0H .didat$5                DATA
 0003:00000cb0 00001260H .bss                    DATA
 0004:00000000 000018d8H .pdata                  DATA
 0005:00000000 0000015cH _RDATA                  DATA
 0006:00000000 000000a0H .rsrc$01                DATA
 0006:000000a0 000004b0H .rsrc$02                DATA

  Address         Publics by Value              Rva+Base               Lib:Object

 0000:00000000       __AbsoluteZero             0000000000000000     <absolute>
 0000:00000000       ___safe_se_handler_count   0000000000000000     <absolute>
 0000:00000000       ___safe_se_handler_table   0000000000000000     <absolute>
 0000:00000000       __arm64x_extra_rfe_table   0000000000000000     <absolute>
 0000:00000000       __arm64x_extra_rfe_table_size 0000000000000000     <absolute>
 0000:00000000       __arm64x_native_entrypoint 0000000000000000     <absolute>
 0000:00000000       __arm64x_redirection_metadata 0000000000000000     <absolute>
 0000:00000000       __arm64x_redirection_metadata_count 0000000000000000     <absolute>
 0000:00000000       __dynamic_value_reloc_table 0000000000000000     <absolute>
 0000:00000000       __enclave_config           0000000000000000     <absolute>
 0000:00000000       __guard_check_icall_a64n_fptr 0000000000000000     <absolute>
 0000:00000000       __guard_eh_cont_count      0000000000000000     <absolute>
 0000:00000000       __guard_eh_cont_table      0000000000000000     <absolute>
 0000:00000000       __guard_fids_count         0000000000000000     <absolute>
 0000:00000000       __guard_fids_table         0000000000000000     <absolute>
 0000:00000000       __guard_iat_count          0000000000000000     <absolute>
 0000:00000000       __guard_iat_table          0000000000000000     <absolute>
 0000:00000000       __guard_longjmp_count      0000000000000000     <absolute>
 0000:00000000       __guard_longjmp_table      0000000000000000     <absolute>
 0000:00000000       __hybrid_auxiliary_delayload_iat 0000000000000000     <absolute>
 0000:00000000       __hybrid_auxiliary_delayload_iat_copy 0000000000000000     <absolute>
 0000:00000000       __hybrid_auxiliary_iat     0000000000000000     <absolute>
 0000:00000000       __hybrid_auxiliary_iat_copy 0000000000000000     <absolute>
 0000:00000000       __hybrid_code_map          0000000000000000     <absolute>
 0000:00000000       __hybrid_code_map_count    0000000000000000     <absolute>
 0000:00000000       __hybrid_image_info_bitfield 0000000000000000     <absolute>
 0000:00000000       __x64_code_ranges_to_entry_points 0000000000000000     <absolute>
 0000:00000000       __x64_code_ranges_to_entry_points_count 0000000000000000     <absolute>
 0000:00000100       __guard_flags              0000000000000100     <absolute>
 0000:00000000       __ImageBase                0000000180000000     <linker-defined>
 0001:00000060       ??$copy@V?$PxReflectionAllocator@USlab@NodeAllocator@Gu@physx@@@physx@@@?$PxArray@USlab@NodeAllocator@Gu@physx@@V?$PxReflectionAllocator@USlab@NodeAllocator@Gu@physx@@@4@@physx@@IEAAXAEBV01@@Z 0000000180001060 f i Cooking.obj
 0001:000000e0       ??0AABBTreeBounds@Gu@physx@@QEAA@XZ 00000001800010e0 f i Cooking.obj
 0001:000000f0       ??0AABBTreeBuildNode@Gu@physx@@QEAA@AEBV012@@Z 00000001800010f0 f i Cooking.obj
 0001:000000f0       ??4AABBTreeBuildNode@Gu@physx@@QEAAAEAV012@AEBV012@@Z 00000001800010f0 f i Cooking.obj
 0001:00000130       ??0AABBTreeBuildNode@Gu@physx@@QEAA@XZ 0000000180001130 f i Cooking.obj
 0001:00000130       ??4PxFoundation@physx@@QEAAAEAV01@AEBV01@@Z 0000000180001130 f i Cooking.obj
 0001:00000130       ?getAABB@AABBTreeBuildNode@Gu@physx@@QEBAAEBVPxBounds3@3@XZ 0000000180001130 f i Cooking.obj
 0001:00000140       ??0AABBTreeBuildParams@Gu@physx@@QEAA@IIPEBVAABBTreeBounds@12@W4BVHBuildStrategy@12@@Z 0000000180001140 f i Cooking.obj
 0001:00000160       ??0NodeAllocator@Gu@physx@@QEAA@AEBV012@@Z 0000000180001160 f i Cooking.obj
 0001:000001a0       ??0PxFoundation@physx@@QEAA@AEBV01@@Z 00000001800011a0 f i Cooking.obj
 0001:000001a0       ??0PxFoundation@physx@@QEAA@XZ 00000001800011a0 f i Cooking.obj
 0001:000001b0       ??1AABBTreeBounds@Gu@physx@@QEAA@XZ 00000001800011b0 f i Cooking.obj
 0001:000001c0       ??1AABBTreeBuildNode@Gu@physx@@QEAA@XZ 00000001800011c0 f i Cooking.obj
 0001:000001c0       _guard_check_icall_nop     00000001800011c0 f i LIBCMT:guard_support.obj
 0001:000001d0       ??1AABBTreeBuildParams@Gu@physx@@QEAA@XZ 00000001800011d0 f i Cooking.obj
 0001:000001d0       ?reset@AABBTreeBuildParams@Gu@physx@@QEAAXXZ 00000001800011d0 f i Cooking.obj
 0001:00000220       ??1PxFoundation@physx@@MEAA@XZ 0000000180001220 f i Cooking.obj
 0001:00000230       ??4AABBTreeBounds@Gu@physx@@QEAAAEAV012@AEBV012@@Z 0000000180001230 f i Cooking.obj
 0001:00000240       ??4AABBTreeBuildParams@Gu@physx@@QEAAAEAV012@AEBV012@@Z 0000000180001240 f i Cooking.obj
 0001:00000260       ??4NodeAllocator@Gu@physx@@QEAAAEAV012@AEBV012@@Z 0000000180001260 f i Cooking.obj
 0001:00000310       ??_EPxFoundation@physx@@MEAAPEAXI@Z 0000000180001310 f i Cooking.obj
 0001:000003a0       ??_FAABBTreeBuildParams@Gu@physx@@QEAAXXZ 00000001800013a0 f i Cooking.obj
 0001:000003c0       ?allocate@?$PxArray@USlab@NodeAllocator@Gu@physx@@V?$PxReflectionAllocator@USlab@NodeAllocator@Gu@physx@@@4@@physx@@IEAAPEAUSlab@NodeAllocator@Gu@2@I@Z 00000001800013c0 f i Cooking.obj
 0001:00000450       ?getBounds@AABBTreeBounds@Gu@physx@@QEAAPEAVPxBounds3@3@XZ 0000000180001450 f i Cooking.obj
 0001:00000450       ?getBounds@AABBTreeBounds@Gu@physx@@QEBAPEBVPxBounds3@3@XZ 0000000180001450 f i Cooking.obj
 0001:00000460       ?getNbPrimitives@AABBTreeBuildNode@Gu@physx@@QEBAIXZ 0000000180001460 f i Cooking.obj
 0001:00000460       ?getNbRuntimePrimitives@AABBTreeBuildNode@Gu@physx@@QEBAIXZ 0000000180001460 f i Cooking.obj
 0001:00000470       ?getNeg@AABBTreeBuildNode@Gu@physx@@QEBAPEBV123@XZ 0000000180001470 f i Cooking.obj
 0001:00000490       ?getPos@AABBTreeBuildNode@Gu@physx@@QEBAPEBV123@XZ 0000000180001490 f i Cooking.obj
 0001:000004a0       ?getPrimitives@AABBTreeBuildNode@Gu@physx@@QEAAPEAIPEAI@Z 00000001800014a0 f i Cooking.obj
 0001:000004a0       ?getPrimitives@AABBTreeBuildNode@Gu@physx@@QEBAPEBIPEBI@Z 00000001800014a0 f i Cooking.obj
 0001:000004b0       ?isLeaf@AABBTreeBuildNode@Gu@physx@@QEBA_NXZ 00000001800014b0 f i Cooking.obj
 0001:000004c0       ?moveFrom@AABBTreeBounds@Gu@physx@@QEAAXAEAV123@@Z 00000001800014c0 f i Cooking.obj
 0001:000004d0       ?ownsMemory@AABBTreeBounds@Gu@physx@@QEBA_NXZ 00000001800014d0 f i Cooking.obj
 0001:000004e0       ?recreate@?$PxArray@USlab@NodeAllocator@Gu@physx@@V?$PxReflectionAllocator@USlab@NodeAllocator@Gu@physx@@@4@@physx@@IEAAXI@Z 00000001800014e0 f i Cooking.obj
 0001:00000590       ?setBounds@AABBTreeBounds@Gu@physx@@QEAAXPEAVPxBounds3@3@@Z 0000000180001590 f i Cooking.obj
 0001:000005a0       ?setNbRunTimePrimitives@AABBTreeBuildNode@Gu@physx@@QEAAXI@Z 00000001800015a0 f i Cooking.obj
 0001:000005b0       ?takeOwnership@AABBTreeBounds@Gu@physx@@QEAAXXZ 00000001800015b0 f i Cooking.obj
 0001:000005c0       PxAssembleSoftBodyMesh     00000001800015c0 f   Cooking.obj
 0001:000005d0       PxAssembleSoftBodyMesh_Sim 00000001800015d0 f   Cooking.obj
 0001:000005e0       PxComputeCollisionData     00000001800015e0 f   Cooking.obj
 0001:000005f0       PxComputeHullPolygons      00000001800015f0 f   Cooking.obj
 0001:00000600       PxComputeModelsMapping     0000000180001600 f   Cooking.obj
 0001:00000610       PxComputeSimulationData    0000000180001610 f   Cooking.obj
 0001:00000620       PxCookBVH                  0000000180001620 f   Cooking.obj
 0001:00000630       PxCookConvexMesh           0000000180001630 f   Cooking.obj
 0001:00000640       PxCookHeightField          0000000180001640 f   Cooking.obj
 0001:00000650       PxCookSoftBodyMesh         0000000180001650 f   Cooking.obj
 0001:00000660       PxCookTetrahedronMesh      0000000180001660 f   Cooking.obj
 0001:00000670       PxCookTriangleMesh         0000000180001670 f   Cooking.obj
 0001:00000680       PxCreateBVH                0000000180001680 f   Cooking.obj
 0001:00000690       PxCreateBVHInternal        0000000180001690 f   Cooking.obj
 0001:00000720       PxCreateConvexMesh         0000000180001720 f   Cooking.obj
 0001:00000730       PxCreateHeightField        0000000180001730 f   Cooking.obj
 0001:00000740       PxCreateSoftBodyMesh       0000000180001740 f   Cooking.obj
 0001:00000750       PxCreateTetrahedronMesh    0000000180001750 f   Cooking.obj
 0001:00000760       PxCreateTriangleMesh       0000000180001760 f   Cooking.obj
 0001:00000770       PxCreateTriangleMeshInternal 0000000180001770 f   Cooking.obj
 0001:00000800       PxGetStandaloneInsertionCallback 0000000180001800 f   Cooking.obj
 0001:00000810       PxValidateConvexMesh       0000000180001810 f   Cooking.obj
 0001:00000820       PxValidateTriangleMesh     0000000180001820 f   Cooking.obj
 0001:00000830       ?cookingDelayHook@@YAP6A_JXZIPEAUDelayLoadInfo@@@Z 0000000180001830 f   WindowsCookingDelayLoadHook.obj
 0001:00000910       PxSetPhysXCookingDelayLoadHook 0000000180001910 f   WindowsCookingDelayLoadHook.obj
 0001:00000918       __imp_load_getInsertionCallback 0000000180001918 f   PhysXCommon_64:PhysXCommon_64.dll
 0001:00000924       getInsertionCallback       0000000180001924 f   PhysXCommon_64:PhysXCommon_64.dll
 0001:0000092a       __tailMerge_physxcommon_64_dll 000000018000192a     PhysXCommon_64:PhysXCommon_64.dll
 0001:000009a3       __imp_load_cookBVH         00000001800019a3 f   PhysXCommon_64:PhysXCommon_64.dll
 0001:000009af       cookBVH                    00000001800019af f   PhysXCommon_64:PhysXCommon_64.dll
 0001:000009b5       __imp_load_createBVH       00000001800019b5 f   PhysXCommon_64:PhysXCommon_64.dll
 0001:000009c1       createBVH                  00000001800019c1 f   PhysXCommon_64:PhysXCommon_64.dll
 0001:000009c7       __imp_load_cookHeightField 00000001800019c7 f   PhysXCommon_64:PhysXCommon_64.dll
 0001:000009d3       cookHeightField            00000001800019d3 f   PhysXCommon_64:PhysXCommon_64.dll
 0001:000009d9       __imp_load_createHeightField 00000001800019d9 f   PhysXCommon_64:PhysXCommon_64.dll
 0001:000009e5       createHeightField          00000001800019e5 f   PhysXCommon_64:PhysXCommon_64.dll
 0001:000009eb       __imp_load_cookConvexMesh  00000001800019eb f   PhysXCommon_64:PhysXCommon_64.dll
 0001:000009f7       cookConvexMesh             00000001800019f7 f   PhysXCommon_64:PhysXCommon_64.dll
 0001:000009fd       __imp_load_createConvexMesh 00000001800019fd f   PhysXCommon_64:PhysXCommon_64.dll
 0001:00000a09       createConvexMesh           0000000180001a09 f   PhysXCommon_64:PhysXCommon_64.dll
 0001:00000a0f       __imp_load_validateConvexMesh 0000000180001a0f f   PhysXCommon_64:PhysXCommon_64.dll
 0001:00000a1b       validateConvexMesh         0000000180001a1b f   PhysXCommon_64:PhysXCommon_64.dll
 0001:00000a21       __imp_load_computeHullPolygons 0000000180001a21 f   PhysXCommon_64:PhysXCommon_64.dll
 0001:00000a2d       computeHullPolygons        0000000180001a2d f   PhysXCommon_64:PhysXCommon_64.dll
 0001:00000a33       __imp_load_validateTriangleMesh 0000000180001a33 f   PhysXCommon_64:PhysXCommon_64.dll
 0001:00000a3f       validateTriangleMesh       0000000180001a3f f   PhysXCommon_64:PhysXCommon_64.dll
 0001:00000a45       __imp_load_createTriangleMesh 0000000180001a45 f   PhysXCommon_64:PhysXCommon_64.dll
 0001:00000a51       createTriangleMesh         0000000180001a51 f   PhysXCommon_64:PhysXCommon_64.dll
 0001:00000a57       __imp_load_cookTriangleMesh 0000000180001a57 f   PhysXCommon_64:PhysXCommon_64.dll
 0001:00000a63       cookTriangleMesh           0000000180001a63 f   PhysXCommon_64:PhysXCommon_64.dll
 0001:00000a69       __imp_load_cookTetrahedronMesh 0000000180001a69 f   PhysXCommon_64:PhysXCommon_64.dll
 0001:00000a75       cookTetrahedronMesh        0000000180001a75 f   PhysXCommon_64:PhysXCommon_64.dll
 0001:00000a7b       __imp_load_createTetrahedronMesh 0000000180001a7b f   PhysXCommon_64:PhysXCommon_64.dll
 0001:00000a87       createTetrahedronMesh      0000000180001a87 f   PhysXCommon_64:PhysXCommon_64.dll
 0001:00000a8d       __imp_load_cookSoftBodyMesh 0000000180001a8d f   PhysXCommon_64:PhysXCommon_64.dll
 0001:00000a99       cookSoftBodyMesh           0000000180001a99 f   PhysXCommon_64:PhysXCommon_64.dll
 0001:00000a9f       __imp_load_createSoftBodyMesh 0000000180001a9f f   PhysXCommon_64:PhysXCommon_64.dll
 0001:00000aab       createSoftBodyMesh         0000000180001aab f   PhysXCommon_64:PhysXCommon_64.dll
 0001:00000ab1       __imp_load_computeModelsMapping 0000000180001ab1 f   PhysXCommon_64:PhysXCommon_64.dll
 0001:00000abd       computeModelsMapping       0000000180001abd f   PhysXCommon_64:PhysXCommon_64.dll
 0001:00000ac3       __imp_load_computeCollisionData 0000000180001ac3 f   PhysXCommon_64:PhysXCommon_64.dll
 0001:00000acf       computeCollisionData       0000000180001acf f   PhysXCommon_64:PhysXCommon_64.dll
 0001:00000ad5       __imp_load_computeSimulationData 0000000180001ad5 f   PhysXCommon_64:PhysXCommon_64.dll
 0001:00000ae1       computeSimulationData      0000000180001ae1 f   PhysXCommon_64:PhysXCommon_64.dll
 0001:00000ae7       __imp_load_assembleSoftBodyMesh 0000000180001ae7 f   PhysXCommon_64:PhysXCommon_64.dll
 0001:00000af3       assembleSoftBodyMesh       0000000180001af3 f   PhysXCommon_64:PhysXCommon_64.dll
 0001:00000af9       __imp_load_assembleSoftBodyMesh_Sim 0000000180001af9 f   PhysXCommon_64:PhysXCommon_64.dll
 0001:00000b05       assembleSoftBodyMesh_Sim   0000000180001b05 f   PhysXCommon_64:PhysXCommon_64.dll
 0001:00000b0b       __imp_load_?release@AABBTreeBounds@Gu@physx@@QEAAXXZ 0000000180001b0b f   PhysXCommon_64:PhysXCommon_64.dll
 0001:00000b17       ?release@AABBTreeBounds@Gu@physx@@QEAAXXZ 0000000180001b17 f   PhysXCommon_64:PhysXCommon_64.dll
 0001:00000b1d       __imp_load_??0BVH@Gu@physx@@QEAA@AEBUPxBVHInternalData@2@@Z 0000000180001b1d f   PhysXCommon_64:PhysXCommon_64.dll
 0001:00000b29       ??0BVH@Gu@physx@@QEAA@AEBUPxBVHInternalData@2@@Z 0000000180001b29 f   PhysXCommon_64:PhysXCommon_64.dll
 0001:00000b2f       __imp_load_??0BV4TriangleMesh@Gu@physx@@QEAA@AEBUPxTriangleMeshInternalData@2@@Z 0000000180001b2f f   PhysXCommon_64:PhysXCommon_64.dll
 0001:00000b3b       ??0BV4TriangleMesh@Gu@physx@@QEAA@AEBUPxTriangleMeshInternalData@2@@Z 0000000180001b3b f   PhysXCommon_64:PhysXCommon_64.dll
 0001:00000b41       __imp_load_PxGetBroadcastAllocator 0000000180001b41 f   PhysXFoundation_64:PhysXFoundation_64.dll
 0001:00000b4d       PxGetBroadcastAllocator    0000000180001b4d f   PhysXFoundation_64:PhysXFoundation_64.dll
 0001:00000b53       __tailMerge_physxfoundation_64_dll 0000000180001b53     PhysXFoundation_64:PhysXFoundation_64.dll
 0001:00000bcc       ?DloadAcquireSectionWriteAccess@@YAXXZ 0000000180001bcc f i Delayimp:delayhlp.obj
 0001:00000c78       ?DloadGetSRWLockFunctionPointers@@YAEXZ 0000000180001c78 f i Delayimp:delayhlp.obj
 0001:00000d18       ?DloadMakePermanentImageCommit@@YAXPEAX_K@Z 0000000180001d18 f i Delayimp:delayhlp.obj
 0001:00000db0       ?DloadObtainSection@@YAPEAXPEAK0@Z 0000000180001db0 f i Delayimp:delayhlp.obj
 0001:00000e4c       ?DloadProtectSection@@YAXKPEAK@Z 0000000180001e4c f i Delayimp:delayhlp.obj
 0001:00000edc       ?DloadReleaseSectionWriteAccess@@YAXXZ 0000000180001edc f i Delayimp:delayhlp.obj
 0001:00000f70       __delayLoadHelper2         0000000180001f70 f   Delayimp:delayhlp.obj
 0001:00001248       ??3@YAXPEAX@Z              0000000180002248 f   LIBCMT:delete_scalar.obj
 0001:00001250       ??3@YAXPEAX_K@Z            0000000180002250 f   LIBCMT:delete_scalar_size.obj
 0001:00001250       ??_V@YAXPEAX@Z             0000000180002250 f   LIBCMT:delete_array.obj
 0001:00001258       ??_V@YAXPEAX_K@Z           0000000180002258 f   LIBCMT:delete_array_size.obj
 0001:00001260       ??_Etype_info@@UEAAPEAXI@Z 0000000180002260 f i LIBCMT:std_type_info_static.obj
 0001:00001260       ??_Gtype_info@@UEAAPEAXI@Z 0000000180002260 f i LIBCMT:std_type_info_static.obj
 0001:0000128c       ?__scrt_initialize_type_info@@YAXXZ 000000018000228c f   LIBCMT:tncleanup.obj
 0001:0000129c       ?__scrt_uninitialize_type_info@@YAXXZ 000000018000229c f   LIBCMT:tncleanup.obj
 0001:000015c8       _DllMainCRTStartup         00000001800025c8 f   LIBCMT:dll_dllmain.obj
 0001:00001608       __security_init_cookie     0000000180002608 f   LIBCMT:gs_support.obj
 0001:000016b4       ?length@charNode@@UEBAHXZ  00000001800026b4 f   libvcruntime:undname.obj
 0001:000016b4       ?raw_length@charNode@@UEBAHXZ 00000001800026b4 f   libvcruntime:undname.obj
 0001:000016b4       DllMain                    00000001800026b4 f   LIBCMT:dll_dllmain_stub.obj
 0001:000016b4       _get_startup_argv_mode     00000001800026b4 f   LIBCMT:argv_mode.obj
 0001:000016bc       __local_stdio_printf_options 00000001800026bc f i LIBCMT:default_local_stdio_options.obj
 0001:000016c4       __local_stdio_scanf_options 00000001800026c4 f i LIBCMT:default_local_stdio_options.obj
 0001:000016cc       __scrt_initialize_default_local_stdio_options 00000001800026cc f   LIBCMT:default_local_stdio_options.obj
 0001:000016e8       __scrt_acquire_startup_lock 00000001800026e8 f   LIBCMT:utility.obj
 0001:00001724       __scrt_dllmain_after_initialize_c 0000000180002724 f   LIBCMT:utility.obj
 0001:00001758       __scrt_dllmain_before_initialize_c 0000000180002758 f   LIBCMT:utility.obj
 0001:00001770       __scrt_dllmain_crt_thread_attach 0000000180002770 f   LIBCMT:utility.obj
 0001:00001798       __scrt_dllmain_crt_thread_detach 0000000180002798 f   LIBCMT:utility.obj
 0001:000017b0       __scrt_dllmain_exception_filter 00000001800027b0 f   LIBCMT:utility.obj
 0001:00001810       __scrt_dllmain_uninitialize_c 0000000180002810 f   LIBCMT:utility.obj
 0001:00001840       __scrt_dllmain_uninitialize_critical 0000000180002840 f   LIBCMT:utility.obj
 0001:00001854       __scrt_initialize_crt      0000000180002854 f   LIBCMT:utility.obj
 0001:000018a0       __scrt_initialize_onexit_tables 00000001800028a0 f   LIBCMT:utility.obj
 0001:0000192c       __scrt_is_nonwritable_in_current_image 000000018000292c f   LIBCMT:utility.obj
 0001:000019c4       __scrt_release_startup_lock 00000001800029c4 f   LIBCMT:utility.obj
 0001:000019e8       __scrt_uninitialize_crt    00000001800029e8 f   LIBCMT:utility.obj
 0001:00001a14       __scrt_get_dyn_tls_init_callback 0000000180002a14 f   LIBCMT:dyn_tls_init.obj
 0001:00001a1c       __crt_debugger_hook        0000000180002a1c f   LIBCMT:utility_desktop.obj
 0001:00001a24       __scrt_fastfail            0000000180002a24 f   LIBCMT:utility_desktop.obj
 0001:00001b70       _RTC_Initialize            0000000180002b70 f   LIBCMT:initsect.obj
 0001:00001bac       _RTC_Terminate             0000000180002bac f   LIBCMT:initsect.obj
 0001:00001bf0       __isa_available_init       0000000180002bf0 f   LIBCMT:cpu_disp.obj
 0001:00001d9c       __scrt_is_ucrt_dll_in_use  0000000180002d9c f   LIBCMT:ucrt_detection.obj
 0001:00001da8       _get_purecall_handler      0000000180002da8 f   libvcruntime:purevirt.obj
 0001:00001db4       _purecall                  0000000180002db4 f   libvcruntime:purevirt.obj
 0001:00001dd8       __std_type_info_compare    0000000180002dd8 f   libvcruntime:std_type_info.obj
 0001:00001e00       __std_type_info_destroy_list 0000000180002e00 f   libvcruntime:std_type_info.obj
 0001:00001e2c       __std_type_info_name       0000000180002e2c f   libvcruntime:std_type_info.obj
 0001:00001f44       strstr                     0000000180002f44 f   libvcruntime:strstr.obj
 0001:0000213c       __C_specific_handler       000000018000313c f   libvcruntime:riscchandler.obj
 0001:00002334       __vcrt_initialize          0000000180003334 f   libvcruntime:initialization.obj
 0001:0000235c       __vcrt_thread_attach       000000018000335c f   libvcruntime:initialization.obj
 0001:00002370       __vcrt_thread_detach       0000000180003370 f   libvcruntime:initialization.obj
 0001:00002380       __vcrt_uninitialize        0000000180003380 f   libvcruntime:initialization.obj
 0001:0000239c       __vcrt_uninitialize_critical 000000018000339c f   libvcruntime:initialization.obj
 0001:000023ac       __DestructExceptionObject  00000001800033ac f   libvcruntime:ehhelpers.obj
 0001:0000241c       ?_CallMemberFunction0@@YAXQEAX0@Z 000000018000341c f i libvcruntime:ehhelpers.obj
 0001:00002420       _IsExceptionObjectToBeDestroyed 0000000180003420 f   libvcruntime:ehhelpers.obj
 0001:00002450       __AdjustPointer            0000000180003450 f   libvcruntime:ehhelpers.obj
 0001:00002474       __FrameUnwindFilter        0000000180003474 f   libvcruntime:ehhelpers.obj
 0001:000024dc       __std_terminate            00000001800034dc f   libvcruntime:ehhelpers.obj
 0001:00002500       memset_repstos             0000000180003500 f   libvcruntime:memset.obj
 0001:00002520       memset                     0000000180003520 f   libvcruntime:memset.obj
 0001:000028a8       ??$?0$00@DName@@QEAA@PEBDU?$StringLifeSelector@$00@@@Z 00000001800038a8 f i libvcruntime:undname.obj
 0001:000028e8       ??$?0$01@DName@@QEAA@PEBDU?$StringLifeSelector@$01@@@Z 00000001800038e8 f i libvcruntime:undname.obj
 0001:000028e8       ??$?0$0A@@DName@@QEAA@PEBDU?$StringLifeSelector@$0A@@@@Z 00000001800038e8 f i libvcruntime:undname.obj
 0001:00002928       ??$?0$01@pcharNode@@QEAA@PEBDHU?$StringLifeSelector@$01@@@Z 0000000180003928 f i libvcruntime:undname.obj
 0001:00002928       ??$?0$0A@@pcharNode@@QEAA@PEBDHU?$StringLifeSelector@$0A@@@@Z 0000000180003928 f i libvcruntime:undname.obj
 0001:0000299c       ??$append@VDNameNode@@@DName@@AEAAXPEBVDNameNode@@@Z 000000018000399c f i libvcruntime:undname.obj
 0001:0000299c       ??$append@VDNameStatusNode@@@DName@@AEAAXPEBVDNameStatusNode@@@Z 000000018000399c f i libvcruntime:undname.obj
 0001:0000299c       ??$append@VcharNode@@@DName@@AEAAXPEBVcharNode@@@Z 000000018000399c f i libvcruntime:undname.obj
 0001:0000299c       ??$append@VpcharNode@@@DName@@AEAAXPEBVpcharNode@@@Z 000000018000399c f i libvcruntime:undname.obj
 0001:00002a00       ??$doPchar@$00@DName@@AEAAXPEBDH@Z 0000000180003a00 f i libvcruntime:undname.obj
 0001:00002aa4       ??$doPchar@$01@DName@@AEAAXPEBDH@Z 0000000180003aa4 f i libvcruntime:undname.obj
 0001:00002aa4       ??$doPchar@$0A@@DName@@AEAAXPEBDH@Z 0000000180003aa4 f i libvcruntime:undname.obj
 0001:00002b3c       ??0DName@@QEAA@AEAPEBDD@Z  0000000180003b3c f   libvcruntime:undname.obj
 0001:00002bec       ??0DName@@QEAA@AEBUStringLiteral@@@Z 0000000180003bec f   libvcruntime:undname.obj
 0001:00002c18       ??0DName@@QEAA@PEAV0@@Z    0000000180003c18 f   libvcruntime:undname.obj
 0001:00002c9c       ??0DName@@QEAA@_J@Z        0000000180003c9c f   libvcruntime:undname.obj
 0001:00002d44       ??0DName@@QEAA@_K@Z        0000000180003d44 f   libvcruntime:undname.obj
 0001:00002dcc       ??0UnDecorator@@QEAA@PEBDP6APEADJ@ZK@Z 0000000180003dcc f i libvcruntime:undname.obj
 0001:00002e80       ??2@YAPEAX_KAEAV_HeapManager@@H@Z 0000000180003e80 f   libvcruntime:undname.obj
 0001:00002eac       ??4DName@@QEAAAEAV0@W4DNameStatus@@@Z 0000000180003eac f   libvcruntime:undname.obj
 0001:00002edc       ??AReplicator@@QEBA?AVDName@@H@Z 0000000180003edc f   libvcruntime:undname.obj
 0001:00002f1c       ??HDName@@QEBA?AV0@AEBUStringLiteral@@@Z 0000000180003f1c f   libvcruntime:undname.obj
 0001:00002f48       ??HDName@@QEBA?AV0@AEBV0@@Z 0000000180003f48 f   libvcruntime:undname.obj
 0001:00002f74       ??HDName@@QEBA?AV0@D@Z     0000000180003f74 f   libvcruntime:undname.obj
 0001:00002fa0       ??HDName@@QEBA?AV0@W4DNameStatus@@@Z 0000000180003fa0 f   libvcruntime:undname.obj
 0001:00002fcc       ??YDName@@QEAAAEAV0@AEBUStringLiteral@@@Z 0000000180003fcc f   libvcruntime:undname.obj
 0001:0000304c       ??YDName@@QEAAAEAV0@AEBV0@@Z 000000018000404c f   libvcruntime:undname.obj
 0001:000030a4       ??YDName@@QEAAAEAV0@D@Z    00000001800040a4 f   libvcruntime:undname.obj
 0001:00003110       ??YDName@@QEAAAEAV0@W4DNameStatus@@@Z 0000000180004110 f   libvcruntime:undname.obj
 0001:00003168       ??YReplicator@@QEAAAEAV0@AEBVDName@@@Z 0000000180004168 f   libvcruntime:undname.obj
 0001:000031c0       ?UScore@UnDecorator@@SA?AUStringLiteral@@W4Tokens@@@Z 00000001800041c0 f   libvcruntime:undname.obj
 0001:0000320c       ?composeDeclaration@UnDecorator@@CA?AVDName@@AEBV2@@Z 000000018000420c f i libvcruntime:undname.obj
 0001:00004100       ?doPchar@DName@@AEAAXD@Z   0000000180005100 f   libvcruntime:undname.obj
 0001:00004150       ?getAddressOf@UnDecorator@@CA?AVDName@@XZ 0000000180005150 f   libvcruntime:undname.obj
 0001:000041e0       ?getArgumentList@UnDecorator@@CA?AVDName@@XZ 00000001800051e0 f   libvcruntime:undname.obj
 0001:00004394       ?getArgumentTypes@UnDecorator@@CA?AVDName@@XZ 0000000180005394 f   libvcruntime:undname.obj
 0001:000044e0       ?getArrayAccess@UnDecorator@@CA?AVDName@@XZ 00000001800054e0 f   libvcruntime:undname.obj
 0001:0000457c       ?getArrayObject@UnDecorator@@CA?AVDName@@XZ 000000018000557c f   libvcruntime:undname.obj
 0001:00004638       ?getArrayType@UnDecorator@@CA?AVDName@@AEBV2@@Z 0000000180005638 f i libvcruntime:undname.obj
 0001:000048a4       ?getBasedType@UnDecorator@@CA?AVDName@@XZ 00000001800058a4 f   libvcruntime:undname.obj
 0001:0000499c       ?getBasicDataType@UnDecorator@@CA?AVDName@@AEBV2@@Z 000000018000599c f   libvcruntime:undname.obj
 0001:00004fa0       ?getCallingConvention@UnDecorator@@CA?AVDName@@XZ 0000000180005fa0 f   libvcruntime:undname.obj
 0001:000050d8       ?getDataIndirectType@UnDecorator@@CA?AVDName@@AEBV2@W4IndirectionKind@@0H@Z 00000001800060d8 f   libvcruntime:undname.obj
 0001:000059fc       ?getDataType@UnDecorator@@CA?AVDName@@PEAV2@@Z 00000001800069fc f   libvcruntime:undname.obj
 0001:00005b10       ?getDecoratedName@UnDecorator@@CA?AVDName@@XZ 0000000180006b10 f   libvcruntime:undname.obj
 0001:00005df8       ?getDimension@UnDecorator@@CA?AVDName@@_N@Z 0000000180006df8 f   libvcruntime:undname.obj
 0001:00005f40       ?getDispatchTarget@UnDecorator@@CA?AVDName@@XZ 0000000180006f40 f   libvcruntime:undname.obj
 0001:00005fa0       ?getECSUDataType@UnDecorator@@CA?AVDName@@XZ 0000000180006fa0 f   libvcruntime:undname.obj
 0001:0000619c       ?getEnumType@UnDecorator@@CA?AVDName@@XZ 000000018000719c f i libvcruntime:undname.obj
 0001:000062cc       ?getExtendedDataIndirectType@UnDecorator@@CA?AVDName@@AEAW4IndirectionKind@@AEA_NH@Z 00000001800072cc f   libvcruntime:undname.obj
 0001:000064d0       ?getExternalDataType@UnDecorator@@CA?AVDName@@AEBV2@@Z 00000001800074d0 f i libvcruntime:undname.obj
 0001:00006590       ?getFloatingPoint@UnDecorator@@CA?AVDName@@H@Z 0000000180007590 f   libvcruntime:undname.obj
 0001:000066f8       ?getFunctionIndirectType@UnDecorator@@CA?AVDName@@AEBV2@@Z 00000001800076f8 f   libvcruntime:undname.obj
 0001:00006c2c       ?getLastChar@DNameStatusNode@@UEBADXZ 0000000180007c2c f i libvcruntime:undname.obj
 0001:00006c38       ?getLastChar@charNode@@UEBADXZ 0000000180007c38 f i libvcruntime:undname.obj
 0001:00006c3c       ?getLastChar@pDNameNode@@UEBADXZ 0000000180007c3c f i libvcruntime:undname.obj
 0001:00006c68       ?getLastChar@pairNode@@UEBADXZ 0000000180007c68 f i libvcruntime:undname.obj
 0001:00006ca0       ?getLastChar@pcharNode@@UEBADXZ 0000000180007ca0 f i libvcruntime:undname.obj
 0001:00006cb4       ?getLexicalFrame@UnDecorator@@CA?AVDName@@XZ 0000000180007cb4 f i libvcruntime:undname.obj
 0001:00006d18       ?getMemberAccess@UnDecorator@@CA?AVDName@@XZ 0000000180007d18 f   libvcruntime:undname.obj
 0001:00006dac       ?getMemoryWithBuffer@_HeapManager@@QEAAPEAX_K@Z 0000000180007dac f   libvcruntime:undname.obj
 0001:00006e3c       ?getNoexcept@UnDecorator@@CA?AVDName@@XZ 0000000180007e3c f   libvcruntime:undname.obj
 0001:00006ea0       ?getNumberOfDimensions@UnDecorator@@CAHXZ 0000000180007ea0 f   libvcruntime:undname.obj
 0001:00006f08       ?getOperatorName@UnDecorator@@CA?AVDName@@_NPEA_N@Z 0000000180007f08 f i libvcruntime:undname.obj
 0001:000078b8       ?getPointerToMember@UnDecorator@@CA?AVDName@@XZ 00000001800088b8 f   libvcruntime:undname.obj
 0001:000079b0       ?getPrimaryDataType@UnDecorator@@CA?AVDName@@AEBV2@@Z 00000001800089b0 f   libvcruntime:undname.obj
 0001:00007c68       ?getPtrRefDataType@UnDecorator@@CA?AVDName@@AEBV2@H@Z 0000000180008c68 f   libvcruntime:undname.obj
 0001:00007e34       ?getPtrRefType@UnDecorator@@CA?AVDName@@AEBV2@0W4IndirectionKind@@@Z 0000000180008e34 f   libvcruntime:undname.obj
 0001:0000800c       ?getRestrictionSpec@UnDecorator@@CA?AVDName@@XZ 000000018000900c f   libvcruntime:undname.obj
 0001:000081e8       ?getReturnType@UnDecorator@@CA?AVDName@@PEAV2@@Z 00000001800091e8 f   libvcruntime:undname.obj
 0001:0000821c       ?getScope@UnDecorator@@CA?AVDName@@XZ 000000018000921c f   libvcruntime:undname.obj
 0001:000086d4       ?getScopedName@UnDecorator@@CA?AVDName@@XZ 00000001800096d4 f   libvcruntime:undname.obj
 0001:00008818       ?getSignedDimension@UnDecorator@@CA?AVDName@@XZ 0000000180009818 f   libvcruntime:undname.obj
 0001:000088a0       ?getString@DNameStatusNode@@UEBAPEADPEAD0@Z 00000001800098a0 f i libvcruntime:undname.obj
 0001:000088e8       ?getString@charNode@@UEBAPEADPEAD0@Z 00000001800098e8 f i libvcruntime:undname.obj
 0001:000088fc       ?getString@pDNameNode@@UEBAPEADPEAD0@Z 00000001800098fc f i libvcruntime:undname.obj
 0001:0000892c       ?getString@pairNode@@UEBAPEADPEAD0@Z 000000018000992c f i libvcruntime:undname.obj
 0001:00008978       ?getString@pcharNode@@UEBAPEADPEAD0@Z 0000000180009978 f i libvcruntime:undname.obj
 0001:000089b0       ?getStringEncoding@UnDecorator@@CA?AVDName@@W4PrefixKind@@H@Z 00000001800099b0 f   libvcruntime:undname.obj
 0001:00008ac0       ?getStringObject@UnDecorator@@CA?AVDName@@XZ 0000000180009ac0 f   libvcruntime:undname.obj
 0001:00008b28       ?getSymbolName@UnDecorator@@CA?AVDName@@XZ 0000000180009b28 f i libvcruntime:undname.obj
 0001:00008b74       ?getTemplateArgumentList@UnDecorator@@CA?AVDName@@XZ 0000000180009b74 f   libvcruntime:undname.obj
 0001:00008d90       ?getTemplateName@UnDecorator@@CA?AVDName@@_N@Z 0000000180009d90 f   libvcruntime:undname.obj
 0001:00009058       ?getTemplateNonTypeArgument@UnDecorator@@CA?AVDName@@XZ 000000018000a058 f   libvcruntime:undname.obj
 0001:000095a8       ?getTemplateTypeArgument@UnDecorator@@CA?AVDName@@XZ 000000018000a5a8 f   libvcruntime:undname.obj
 0001:00009710       ?getThrowTypes@UnDecorator@@CA?AVDName@@XZ 000000018000a710 f   libvcruntime:undname.obj
 0001:00009734       ?getTypeEncoding@UnDecorator@@CAHXZ 000000018000a734 f i libvcruntime:undname.obj
 0001:00009af0       ?getUndecoratedName@UnDecorator@@QEAAPEADPEADH@Z 000000018000aaf0 f i libvcruntime:undname.obj
 0001:00009c44       ?getUnionObject@UnDecorator@@CA?AVDName@@XZ 000000018000ac44 f   libvcruntime:undname.obj
 0001:00009d1c       ?getVCallThunkType@UnDecorator@@CA?AVDName@@XZ 000000018000ad1c f i libvcruntime:undname.obj
 0001:00009d94       ?getValue@UnDecorator@@CA?AV?$optional@_K@std@@XZ 000000018000ad94 f   libvcruntime:undname.obj
 0001:00009dd8       ?getValueObject@UnDecorator@@CA?AVDName@@XZ 000000018000add8 f   libvcruntime:undname.obj
 0001:00009f18       ?getVdispMapType@UnDecorator@@CA?AVDName@@AEBV2@@Z 000000018000af18 f i libvcruntime:undname.obj
 0001:00009f94       ?getVfTableType@UnDecorator@@CA?AVDName@@AEBV2@@Z 000000018000af94 f i libvcruntime:undname.obj
 0001:0000a1a0       ?getZName@UnDecorator@@CA?AVDName@@_N0@Z 000000018000b1a0 f   libvcruntime:undname.obj
 0001:0000a474       ?length@DNameStatusNode@@UEBAHXZ 000000018000b474 f i libvcruntime:undname.obj
 0001:0000a474       ?raw_length@DNameStatusNode@@UEBAHXZ 000000018000b474 f i libvcruntime:undname.obj
 0001:0000a478       ?length@pDNameNode@@UEBAHXZ 000000018000b478 f i libvcruntime:undname.obj
 0001:0000a4a0       ?length@pairNode@@UEBAHXZ  000000018000b4a0 f i libvcruntime:undname.obj
 0001:0000a4e8       ?length@pcharNode@@UEBAHXZ 000000018000b4e8 f i libvcruntime:undname.obj
 0001:0000a4e8       ?raw_length@pcharNode@@UEBAHXZ 000000018000b4e8 f i libvcruntime:undname.obj
 0001:0000a4ec       ?parseDecoratedName@UnDecorator@@CA?AVDName@@XZ 000000018000b4ec f   libvcruntime:undname.obj
 0001:0000a604       ?raw_length@pDNameNode@@UEBAHXZ 000000018000b604 f i libvcruntime:undname.obj
 0001:0000a608       ?raw_length@pairNode@@UEBAHXZ 000000018000b608 f i libvcruntime:undname.obj
 0001:0000a60c       __unDName                  000000018000b60c f   libvcruntime:undname.obj
 0001:0000a634       __unDNameEx                000000018000b634 f   libvcruntime:undname.obj
 0001:0000a724       snprintf                   000000018000b724 f i libvcruntime:undname.obj
 0001:0000a77c       sprintf_s                  000000018000b77c f i libvcruntime:undname.obj
 0001:0000a7e0       _NLG_Notify                000000018000b7e0 f   libvcruntime:notify.obj
 0001:0000a800       __NLG_Dispatch2            000000018000b800 f   libvcruntime:notify.obj
 0001:0000a810       __NLG_Return2              000000018000b810 f   libvcruntime:notify.obj
 0001:0000a814       __except_validate_context_record 000000018000b814 f   libvcruntime:jbcxrval.obj
 0001:0000a860       memcpy_repmovs             000000018000b860 f   libvcruntime:memcpy.obj
 0001:0000a880       memcpy                     000000018000b880 f   libvcruntime:memcpy.obj
 0001:0000a880       memmove                    000000018000b880 f   libvcruntime:memcpy.obj
 0001:0000aef0       __vcrt_freefls             000000018000bef0 f   libvcruntime:per_thread_data.obj
 0001:0000af10       __vcrt_freeptd_for_this_thread 000000018000bf10 f   libvcruntime:per_thread_data.obj
 0001:0000af58       __vcrt_getptd              000000018000bf58 f   libvcruntime:per_thread_data.obj
 0001:0000af74       __vcrt_getptd_noexit       000000018000bf74 f   libvcruntime:per_thread_data.obj
 0001:0000b034       __vcrt_initialize_ptd      000000018000c034 f   libvcruntime:per_thread_data.obj
 0001:0000b07c       __vcrt_uninitialize_ptd    000000018000c07c f   libvcruntime:per_thread_data.obj
 0001:0000b0a0       __vcrt_initialize_locks    000000018000c0a0 f   libvcruntime:locks.obj
 0001:0000b0e8       __vcrt_lock                000000018000c0e8 f   libvcruntime:locks.obj
 0001:0000b104       __vcrt_uninitialize_locks  000000018000c104 f   libvcruntime:locks.obj
 0001:0000b13c       __vcrt_unlock              000000018000c13c f   libvcruntime:locks.obj
 0001:0000b158       ??$_CallSETranslator@V__FrameHandler3@@@@YAHPEAUEHExceptionRecord@@PEA_KPEAU_CONTEXT@@PEAU_xDISPATCHER_CONTEXT@@PEBU_s_FuncInfo@@K1H@Z 000000018000c158 f i libvcruntime:risctrnsctrl.obj
 0001:0000b1ac       ??$_CallSETranslator@V__FrameHandler4@@@@YAHPEAUEHExceptionRecord@@PEA_KPEAU_CONTEXT@@PEAU_xDISPATCHER_CONTEXT@@PEAUFuncInfo4@FH4@@K1H@Z 000000018000c1ac f i libvcruntime:risctrnsctrl.obj
 0001:0000b200       ?CatchTryBlock@__FrameHandler3@@SAPEBU_s_TryBlockMapEntry@@PEBU_s_FuncInfo@@H@Z 000000018000c200 f   libvcruntime:risctrnsctrl.obj
 0001:0000b264       ?DecompFuncInfo@FH4@@YA_JPEAEAEAUFuncInfo4@1@_KH_N@Z 000000018000c264 f i libvcruntime:risctrnsctrl.obj
 0001:0000b398       ?ExecutionInCatch@__FrameHandler3@@SA_NPEAU_xDISPATCHER_CONTEXT@@PEBU_s_FuncInfo@@@Z 000000018000c398 f   libvcruntime:risctrnsctrl.obj
 0001:0000b3c4       ?ExecutionInCatch@__FrameHandler4@@SA_NPEAU_xDISPATCHER_CONTEXT@@PEAUFuncInfo4@FH4@@@Z 000000018000c3c4 f   libvcruntime:risctrnsctrl.obj
 0001:0000b3cc       ?FrameUnwindToEmptyState@__FrameHandler3@@SAXPEA_KPEAU_xDISPATCHER_CONTEXT@@PEBU_s_FuncInfo@@@Z 000000018000c3cc f   libvcruntime:risctrnsctrl.obj
 0001:0000b430       ?FrameUnwindToEmptyState@__FrameHandler4@@SAXPEA_KPEAU_xDISPATCHER_CONTEXT@@PEAUFuncInfo4@FH4@@@Z 000000018000c430 f   libvcruntime:risctrnsctrl.obj
 0001:0000b464       ?GetEstablisherFrame@__FrameHandler3@@SAPEA_KPEA_KPEAU_xDISPATCHER_CONTEXT@@PEBU_s_FuncInfo@@0@Z 000000018000c464 f   libvcruntime:risctrnsctrl.obj
 0001:0000b530       ?GetEstablisherFrame@__FrameHandler4@@SAPEA_KPEA_KPEAU_xDISPATCHER_CONTEXT@@PEAUFuncInfo4@FH4@@0@Z 000000018000c530 f   libvcruntime:risctrnsctrl.obj
 0001:0000b554       ?GetRangeOfTrysToCheck@__FrameHandler3@@SA?AU?$pair@Viterator@TryBlockMap@__FrameHandler3@@V123@@std@@AEAVTryBlockMap@1@HPEAU_xDISPATCHER_CONTEXT@@PEBU_s_FuncInfo@@H@Z 000000018000c554 f   libvcruntime:risctrnsctrl.obj
 0001:0000b694       ?GetRangeOfTrysToCheck@__FrameHandler4@@SA?AU?$pair@Viterator@TryBlockMap4@FH4@@V123@@std@@AEAVTryBlockMap4@FH4@@HPEAU_xDISPATCHER_CONTEXT@@PEAUFuncInfo4@5@H@Z 000000018000c694 f   libvcruntime:risctrnsctrl.obj
 0001:0000b800       ?UnwindNestedFrames@__FrameHandler3@@SAXPEA_KPEAUEHExceptionRecord@@PEAU_CONTEXT@@0PEAXPEBU_s_FuncInfo@@HHPEBU_s_HandlerType@@PEAU_xDISPATCHER_CONTEXT@@E@Z 000000018000c800 f   libvcruntime:risctrnsctrl.obj
 0001:0000b904       ?UnwindNestedFrames@__FrameHandler4@@SAXPEA_KPEAUEHExceptionRecord@@PEAU_CONTEXT@@0PEAXPEAUFuncInfo4@FH4@@HHPEAUHandlerType4@5@PEAU_xDISPATCHER_CONTEXT@@E@Z 000000018000c904 f   libvcruntime:risctrnsctrl.obj
 0001:0000ba24       ?setBuffer@TryBlockMap4@FH4@@QEAAXViterator@12@@Z 000000018000ca24 f i libvcruntime:risctrnsctrl.obj
 0001:0000bbe8       _CreateFrameInfo           000000018000cbe8 f   libvcruntime:risctrnsctrl.obj
 0001:0000bc24       _FindAndUnlinkFrame        000000018000cc24 f   libvcruntime:risctrnsctrl.obj
 0001:0000bc78       _GetImageBase              000000018000cc78 f   libvcruntime:risctrnsctrl.obj
 0001:0000bc8c       _GetThrowImageBase         000000018000cc8c f   libvcruntime:risctrnsctrl.obj
 0001:0000bca0       _SetImageBase              000000018000cca0 f   libvcruntime:risctrnsctrl.obj
 0001:0000bcb8       _SetThrowImageBase         000000018000ccb8 f   libvcruntime:risctrnsctrl.obj
 0001:0000bcd0       __CxxFrameHandler3         000000018000ccd0 f   libvcruntime:risctrnsctrl.obj
 0001:0000bd58       __CxxFrameHandler4         000000018000cd58 f   libvcruntime:risctrnsctrl.obj
 0001:0000bf68       __vcrt_FlsAlloc            000000018000cf68 f   libvcruntime:winapi_downlevel.obj
 0001:0000bfb0       __vcrt_FlsFree             000000018000cfb0 f   libvcruntime:winapi_downlevel.obj
 0001:0000bff8       __vcrt_FlsGetValue         000000018000cff8 f   libvcruntime:winapi_downlevel.obj
 0001:0000c040       __vcrt_FlsSetValue         000000018000d040 f   libvcruntime:winapi_downlevel.obj
 0001:0000c094       __vcrt_InitializeCriticalSectionEx 000000018000d094 f   libvcruntime:winapi_downlevel.obj
 0001:0000c0f8       ?GetCurrentState@__FrameHandler3@@SAHPEA_KPEAU_xDISPATCHER_CONTEXT@@PEBU_s_FuncInfo@@@Z 000000018000d0f8 f   libvcruntime:ehstate.obj
 0001:0000c120       ?GetUnwindTryBlock@__FrameHandler3@@SAHPEA_KPEAU_xDISPATCHER_CONTEXT@@PEBU_s_FuncInfo@@@Z 000000018000d120 f   libvcruntime:ehstate.obj
 0001:0000c14c       ?SetState@__FrameHandler3@@SAXPEA_KPEBU_s_FuncInfo@@H@Z 000000018000d14c f   libvcruntime:ehstate.obj
 0001:0000c158       ?SetUnwindTryBlock@__FrameHandler3@@SAXPEA_KPEAU_xDISPATCHER_CONTEXT@@PEBU_s_FuncInfo@@H@Z 000000018000d158 f   libvcruntime:ehstate.obj
 0001:0000c194       ?StateFromControlPc@__FrameHandler3@@SAHPEBU_s_FuncInfo@@PEAU_xDISPATCHER_CONTEXT@@@Z 000000018000d194 f   libvcruntime:ehstate.obj
 0001:0000c19c       ?StateFromControlPc@__FrameHandler4@@SAHPEAUFuncInfo4@FH4@@PEAU_xDISPATCHER_CONTEXT@@@Z 000000018000d19c f   libvcruntime:ehstate.obj
 0001:0000c1a4       ?StateFromIp@__FrameHandler3@@SAHPEBU_s_FuncInfo@@PEAU_xDISPATCHER_CONTEXT@@_K@Z 000000018000d1a4 f   libvcruntime:ehstate.obj
 0001:0000c20c       ?StateFromIp@__FrameHandler4@@SAHPEAUFuncInfo4@FH4@@PEAU_xDISPATCHER_CONTEXT@@_K@Z 000000018000d20c f   libvcruntime:ehstate.obj
 0001:0000d90c       ??$TypeMatchHelper@V__FrameHandler3@@@@YAHPEBU_s_HandlerType@@PEBU_s_CatchableType@@PEBU_s_ThrowInfo@@@Z 000000018000e90c f i libvcruntime:frame.obj
 0001:0000da4c       ??$TypeMatchHelper@V__FrameHandler4@@@@YAHPEAUHandlerType4@FH4@@PEBU_s_CatchableType@@PEBU_s_ThrowInfo@@@Z 000000018000ea4c f i libvcruntime:frame.obj
 0001:0000db90       ??$__InternalCxxFrameHandler@V__FrameHandler3@@@@YA?AW4_EXCEPTION_DISPOSITION@@PEAUEHExceptionRecord@@PEA_KPEAU_CONTEXT@@PEAU_xDISPATCHER_CONTEXT@@PEBU_s_FuncInfo@@H1E@Z 000000018000eb90 f i libvcruntime:frame.obj
 0001:0000ddc8       ??$__InternalCxxFrameHandler@V__FrameHandler4@@@@YA?AW4_EXCEPTION_DISPOSITION@@PEAUEHExceptionRecord@@PEA_KPEAU_CONTEXT@@PEAU_xDISPATCHER_CONTEXT@@PEAUFuncInfo4@FH4@@H1E@Z 000000018000edc8 f i libvcruntime:frame.obj
 0001:0000e05c       ??$__InternalCxxFrameHandlerWrapper@V__FrameHandler3@@@@YA?AW4_EXCEPTION_DISPOSITION@@PEAUEHExceptionRecord@@PEA_KPEAU_CONTEXT@@PEAU_xDISPATCHER_CONTEXT@@PEBU_s_FuncInfo@@H1E@Z 000000018000f05c f i libvcruntime:frame.obj
 0001:0000e064       ??$__InternalCxxFrameHandlerWrapper@V__FrameHandler4@@@@YA?AW4_EXCEPTION_DISPOSITION@@PEAUEHExceptionRecord@@PEA_KPEAU_CONTEXT@@PEAU_xDISPATCHER_CONTEXT@@PEAUFuncInfo4@FH4@@H1E@Z 000000018000f064 f i libvcruntime:frame.obj
 0001:0000e0b0       ??0HandlerMap4@FH4@@QEAA@PEBUTryBlockMapEntry4@1@_KH@Z 000000018000f0b0 f i libvcruntime:frame.obj
 0001:0000e134       ??0TryBlockMap4@FH4@@QEAA@PEBUFuncInfo4@1@_K@Z 000000018000f134 f i libvcruntime:frame.obj
 0001:0000e218       ??0bad_exception@std@@QEAA@AEBV01@@Z 000000018000f218 f i libvcruntime:frame.obj
 0001:0000e254       ??0bad_exception@std@@QEAA@XZ 000000018000f254 f i libvcruntime:frame.obj
 0001:0000e274       ??0exception@std@@QEAA@AEBV01@@Z 000000018000f274 f i libvcruntime:frame.obj
 0001:0000e2a8       ??1bad_exception@std@@UEAA@XZ 000000018000f2a8 f i libvcruntime:frame.obj
 0001:0000e2bc       ??_Ebad_exception@std@@UEAAPEAXI@Z 000000018000f2bc f i libvcruntime:frame.obj
 0001:0000e2bc       ??_Eexception@std@@UEAAPEAXI@Z 000000018000f2bc f i libvcruntime:frame.obj
 0001:0000e2bc       ??_Gbad_exception@std@@UEAAPEAXI@Z 000000018000f2bc f i libvcruntime:frame.obj
 0001:0000e2bc       ??_Gexception@std@@UEAAPEAXI@Z 000000018000f2bc f i libvcruntime:frame.obj
 0001:0000e300       ?CxxCallCatchBlock@__FrameHandler3@@SAPEAXPEAU_EXCEPTION_RECORD@@@Z 000000018000f300 f   libvcruntime:frame.obj
 0001:0000e4ec       ?CxxCallCatchBlock@__FrameHandler4@@SAPEAXPEAU_EXCEPTION_RECORD@@@Z 000000018000f4ec f   libvcruntime:frame.obj
 0001:0000e73c       ?DecompHandler@HandlerMap4@FH4@@AEAAXXZ 000000018000f73c f i libvcruntime:frame.obj
 0001:0000e988       ?FrameUnwindToState@__FrameHandler3@@SAXPEA_KPEAU_xDISPATCHER_CONTEXT@@PEBU_s_FuncInfo@@H@Z 000000018000f988 f   libvcruntime:frame.obj
 0001:0000eb14       ?FrameUnwindToState@__FrameHandler4@@SAXPEA_KPEAU_xDISPATCHER_CONTEXT@@PEAUFuncInfo4@FH4@@H@Z 000000018000fb14 f   libvcruntime:frame.obj
 0001:0000ee18       ?GetHandlerSearchState@__FrameHandler3@@SAHPEA_KPEAU_xDISPATCHER_CONTEXT@@PEBU_s_FuncInfo@@@Z 000000018000fe18 f i libvcruntime:frame.obj
 0001:0000f028       ?ReadEntry@UWMap4@FH4@@AEAAXPEAPEAE@Z 0000000180010028 f i libvcruntime:frame.obj
 0001:0000f0c4       ?_CallMemberFunction1@@YAXQEAX00@Z 00000001800100c4 f i libvcruntime:frame.obj
 0001:0000f0d0       ?_CallMemberFunction2@@YAXQEAX00H@Z 00000001800100d0 f i libvcruntime:frame.obj
 0001:0000f0e0       ?getStartStop@UWMap4@FH4@@QEAAXHHAEAViterator@12@0@Z 00000001800100e0 f i libvcruntime:frame.obj
 0001:0000f1b0       ?getStateFromIterators@UWMap4@FH4@@SAHAEBViterator@12@H0H0@Z 00000001800101b0 f i libvcruntime:frame.obj
 0001:0000f260       ?what@exception@std@@UEBAPEBDXZ 0000000180010260 f i libvcruntime:frame.obj
 0001:0000f290       _CallSettingFrame          0000000180010290 f   libvcruntime:handlers.obj
 0001:0000f2e0       _CallSettingFrame_LookupContinuationIndex 00000001800102e0 f   libvcruntime:handlers.obj
 0001:0000f310       _CallSettingFrame_NotifyContinuationAddr 0000000180010310 f   libvcruntime:handlers.obj
 0001:0000f340       _CallSettingFrameEncoded   0000000180010340 f   libvcruntime:handlers.obj
 0001:0000f388       __std_exception_copy       0000000180010388 f   libvcruntime:std_exception.obj
 0001:0000f418       __std_exception_destroy    0000000180010418 f   libvcruntime:std_exception.obj
 0001:0000f440       _CxxThrowException         0000000180010440 f   libvcruntime:throw.obj
 0001:0000f4e8       free                       00000001800104e8 f   libucrt:free.obj
 0001:0000f4fc       _initterm                  00000001800104fc f   libucrt:initterm.obj
 0001:0000f540       _initterm_e                0000000180010540 f   libucrt:initterm.obj
 0001:0000f588       _seh_filter_dll            0000000180010588 f   libucrt:exception_filter.obj
 0001:0000f59c       _seh_filter_exe            000000018001059c f   libucrt:exception_filter.obj
 0001:0000f9c0       __acrt_initialize_thread_local_exit_callback 00000001800109c0 f   libucrt:exit.obj
 0001:0000f9c8       _cexit                     00000001800109c8 f   libucrt:exit.obj
 0001:0000f9d8       _exit                      00000001800109d8 f   libucrt:exit.obj
 0001:0000f9e4       _is_c_termination_complete 00000001800109e4 f   libucrt:exit.obj
 0001:0000fbac       __acrt_allocate_buffer_for_argv 0000000180010bac f   libucrt:argv_parsing.obj
 0001:0000fc0c       _configure_narrow_argv     0000000180010c0c f   libucrt:argv_parsing.obj
 0001:0000ff94       __dcrt_uninitialize_environments_nolock 0000000180010f94 f   libucrt:environment_initialization.obj
 0001:0000ffd8       _initialize_narrow_environment 0000000180010fd8 f   libucrt:environment_initialization.obj
 0001:0001013c       _execute_onexit_table      000000018001113c f   libucrt:onexit.obj
 0001:00010180       _initialize_onexit_table   0000000180011180 f   libucrt:onexit.obj
 0001:000101e0       __acrt_uninitialize_command_line 00000001800111e0 f   libucrt:argv_data.obj
 0001:000102d8       __acrt_initialize          00000001800112d8 f   libucrt:initialization.obj
 0001:000102ec       __acrt_thread_attach       00000001800112ec f   libucrt:initialization.obj
 0001:00010300       __acrt_thread_detach       0000000180011300 f   libucrt:initialization.obj
 0001:00010310       __acrt_uninitialize        0000000180011310 f   libucrt:initialization.obj
 0001:00010348       __acrt_uninitialize_critical 0000000180011348 f   libucrt:initialization.obj
 0001:00010358       terminate                  0000000180011358 f   libucrt:terminate.obj
 0001:00010384       abort                      0000000180011384 f   libucrt:abort.obj
 0001:000103dc       malloc                     00000001800113dc f   libucrt:malloc.obj
 0001:000103e4       strcpy_s                   00000001800113e4 f   libucrt:strcpy_s.obj
 0001:000105f4       ??$ensure_buffer_is_big_enough@D@formatting_buffer@__crt_stdio_output@@QEAA_N_KAEAV__crt_cached_ptd_host@@@Z 00000001800115f4 f i libucrt:output.obj
 0001:0001069c       ??$parse_integer@KV?$c_string_character_source@D@__crt_strtox@@$0A@@__crt_strtox@@YAKAEAV__crt_cached_ptd_host@@V?$c_string_character_source@D@0@H_N@Z 000000018001169c f i libucrt:output.obj
 0001:0001094c       ??$type_case_integer@$07@?$output_processor@DV?$string_output_adapter@D@__crt_stdio_output@@V?$format_validation_base@DV?$string_output_adapter@D@__crt_stdio_output@@@2@@__crt_stdio_output@@AEAA_N_N@Z 000000018001194c f i libucrt:output.obj
 0001:0001094c       ??$type_case_integer@$07@?$output_processor@DV?$string_output_adapter@D@__crt_stdio_output@@V?$standard_base@DV?$string_output_adapter@D@__crt_stdio_output@@@2@@__crt_stdio_output@@AEAA_N_N@Z 000000018001194c f i libucrt:output.obj
 0001:00010b34       ??$type_case_integer@$09@?$output_processor@DV?$string_output_adapter@D@__crt_stdio_output@@V?$format_validation_base@DV?$string_output_adapter@D@__crt_stdio_output@@@2@@__crt_stdio_output@@AEAA_N_N@Z 0000000180011b34 f i libucrt:output.obj
 0001:00010b34       ??$type_case_integer@$09@?$output_processor@DV?$string_output_adapter@D@__crt_stdio_output@@V?$standard_base@DV?$string_output_adapter@D@__crt_stdio_output@@@2@@__crt_stdio_output@@AEAA_N_N@Z 0000000180011b34 f i libucrt:output.obj
 0001:00010d1c       ??$type_case_integer@$0BA@@?$output_processor@DV?$string_output_adapter@D@__crt_stdio_output@@V?$format_validation_base@DV?$string_output_adapter@D@__crt_stdio_output@@@2@@__crt_stdio_output@@AEAA_N_N@Z 0000000180011d1c f i libucrt:output.obj
 0001:00010d1c       ??$type_case_integer@$0BA@@?$output_processor@DV?$string_output_adapter@D@__crt_stdio_output@@V?$standard_base@DV?$string_output_adapter@D@__crt_stdio_output@@@2@@__crt_stdio_output@@AEAA_N_N@Z 0000000180011d1c f i libucrt:output.obj
 0001:00010f04       ??$type_case_integer_parse_into_buffer@I$07@?$output_processor@DV?$string_output_adapter@D@__crt_stdio_output@@V?$format_validation_base@DV?$string_output_adapter@D@__crt_stdio_output@@@2@@__crt_stdio_output@@AEAAXI_N@Z 0000000180011f04 f i libucrt:output.obj
 0001:00010f04       ??$type_case_integer_parse_into_buffer@I$07@?$output_processor@DV?$string_output_adapter@D@__crt_stdio_output@@V?$standard_base@DV?$string_output_adapter@D@__crt_stdio_output@@@2@@__crt_stdio_output@@AEAAXI_N@Z 0000000180011f04 f i libucrt:output.obj
 0001:00010f80       ??$type_case_integer_parse_into_buffer@I$09@?$output_processor@DV?$string_output_adapter@D@__crt_stdio_output@@V?$format_validation_base@DV?$string_output_adapter@D@__crt_stdio_output@@@2@@__crt_stdio_output@@AEAAXI_N@Z 0000000180011f80 f i libucrt:output.obj
 0001:00010f80       ??$type_case_integer_parse_into_buffer@I$09@?$output_processor@DV?$string_output_adapter@D@__crt_stdio_output@@V?$standard_base@DV?$string_output_adapter@D@__crt_stdio_output@@@2@@__crt_stdio_output@@AEAAXI_N@Z 0000000180011f80 f i libucrt:output.obj
 0001:00011028       ??$type_case_integer_parse_into_buffer@I$0BA@@?$output_processor@DV?$string_output_adapter@D@__crt_stdio_output@@V?$format_validation_base@DV?$string_output_adapter@D@__crt_stdio_output@@@2@@__crt_stdio_output@@AEAAXI_N@Z 0000000180012028 f i libucrt:output.obj
 0001:00011028       ??$type_case_integer_parse_into_buffer@I$0BA@@?$output_processor@DV?$string_output_adapter@D@__crt_stdio_output@@V?$standard_base@DV?$string_output_adapter@D@__crt_stdio_output@@@2@@__crt_stdio_output@@AEAAXI_N@Z 0000000180012028 f i libucrt:output.obj
 0001:000110b4       ??$type_case_integer_parse_into_buffer@_K$07@?$output_processor@DV?$string_output_adapter@D@__crt_stdio_output@@V?$format_validation_base@DV?$string_output_adapter@D@__crt_stdio_output@@@2@@__crt_stdio_output@@AEAAX_K_N@Z 00000001800120b4 f i libucrt:output.obj
 0001:000110b4       ??$type_case_integer_parse_into_buffer@_K$07@?$output_processor@DV?$string_output_adapter@D@__crt_stdio_output@@V?$standard_base@DV?$string_output_adapter@D@__crt_stdio_output@@@2@@__crt_stdio_output@@AEAAX_K_N@Z 00000001800120b4 f i libucrt:output.obj
 0001:00011130       ??$type_case_integer_parse_into_buffer@_K$09@?$output_processor@DV?$string_output_adapter@D@__crt_stdio_output@@V?$format_validation_base@DV?$string_output_adapter@D@__crt_stdio_output@@@2@@__crt_stdio_output@@AEAAX_K_N@Z 0000000180012130 f i libucrt:output.obj
 0001:00011130       ??$type_case_integer_parse_into_buffer@_K$09@?$output_processor@DV?$string_output_adapter@D@__crt_stdio_output@@V?$standard_base@DV?$string_output_adapter@D@__crt_stdio_output@@@2@@__crt_stdio_output@@AEAAX_K_N@Z 0000000180012130 f i libucrt:output.obj
 0001:000111dc       ??$type_case_integer_parse_into_buffer@_K$0BA@@?$output_processor@DV?$string_output_adapter@D@__crt_stdio_output@@V?$format_validation_base@DV?$string_output_adapter@D@__crt_stdio_output@@@2@@__crt_stdio_output@@AEAAX_K_N@Z 00000001800121dc f i libucrt:output.obj
 0001:000111dc       ??$type_case_integer_parse_into_buffer@_K$0BA@@?$output_processor@DV?$string_output_adapter@D@__crt_stdio_output@@V?$standard_base@DV?$string_output_adapter@D@__crt_stdio_output@@@2@@__crt_stdio_output@@AEAAX_K_N@Z 00000001800121dc f i libucrt:output.obj
 0001:00011268       ?crop_zeroes@__crt_stdio_output@@YAXPEADQEAU__crt_locale_pointers@@@Z 0000000180012268 f i libucrt:output.obj
 0001:000112e0       ?get_raw_ptd@__crt_cached_ptd_host@@QEAAPEAU__acrt_ptd@@XZ 00000001800122e0 f i libucrt:output.obj
 0001:00011348       ?parse_int_from_format_string@?$output_processor@DV?$string_output_adapter@D@__crt_stdio_output@@V?$format_validation_base@DV?$string_output_adapter@D@__crt_stdio_output@@@2@@__crt_stdio_output@@AEAA_NQEAH@Z 0000000180012348 f i libucrt:output.obj
 0001:00011348       ?parse_int_from_format_string@?$output_processor@DV?$string_output_adapter@D@__crt_stdio_output@@V?$standard_base@DV?$string_output_adapter@D@__crt_stdio_output@@@2@@__crt_stdio_output@@AEAA_NQEAH@Z 0000000180012348 f i libucrt:output.obj
 0001:000113d8       ?process@?$output_processor@DV?$string_output_adapter@D@__crt_stdio_output@@V?$format_validation_base@DV?$string_output_adapter@D@__crt_stdio_output@@@2@@__crt_stdio_output@@QEAAHXZ 00000001800123d8 f i libucrt:output.obj
 0001:00011768       ?process@?$output_processor@DV?$string_output_adapter@D@__crt_stdio_output@@V?$standard_base@DV?$string_output_adapter@D@__crt_stdio_output@@@2@@__crt_stdio_output@@QEAAHXZ 0000000180012768 f i libucrt:output.obj
 0001:00011aec       ?state_case_size@?$output_processor@DV?$string_output_adapter@D@__crt_stdio_output@@V?$format_validation_base@DV?$string_output_adapter@D@__crt_stdio_output@@@2@@__crt_stdio_output@@AEAA_NXZ 0000000180012aec f i libucrt:output.obj
 0001:00011aec       ?state_case_size@?$output_processor@DV?$string_output_adapter@D@__crt_stdio_output@@V?$standard_base@DV?$string_output_adapter@D@__crt_stdio_output@@@2@@__crt_stdio_output@@AEAA_NXZ 0000000180012aec f i libucrt:output.obj
 0001:00011c70       ?state_case_type@?$output_processor@DV?$string_output_adapter@D@__crt_stdio_output@@V?$format_validation_base@DV?$string_output_adapter@D@__crt_stdio_output@@@2@@__crt_stdio_output@@AEAA_NXZ 0000000180012c70 f i libucrt:output.obj
 0001:00011c70       ?state_case_type@?$output_processor@DV?$string_output_adapter@D@__crt_stdio_output@@V?$standard_base@DV?$string_output_adapter@D@__crt_stdio_output@@@2@@__crt_stdio_output@@AEAA_NXZ 0000000180012c70 f i libucrt:output.obj
 0001:0001203c       ?type_case_Z@?$output_processor@DV?$string_output_adapter@D@__crt_stdio_output@@V?$format_validation_base@DV?$string_output_adapter@D@__crt_stdio_output@@@2@@__crt_stdio_output@@AEAA_NXZ 000000018001303c f i libucrt:output.obj
 0001:0001203c       ?type_case_Z@?$output_processor@DV?$string_output_adapter@D@__crt_stdio_output@@V?$standard_base@DV?$string_output_adapter@D@__crt_stdio_output@@@2@@__crt_stdio_output@@AEAA_NXZ 000000018001303c f i libucrt:output.obj
 0001:000120b4       ?type_case_a@?$output_processor@DV?$string_output_adapter@D@__crt_stdio_output@@V?$format_validation_base@DV?$string_output_adapter@D@__crt_stdio_output@@@2@@__crt_stdio_output@@AEAA_NXZ 00000001800130b4 f i libucrt:output.obj
 0001:000120b4       ?type_case_a@?$output_processor@DV?$string_output_adapter@D@__crt_stdio_output@@V?$standard_base@DV?$string_output_adapter@D@__crt_stdio_output@@@2@@__crt_stdio_output@@AEAA_NXZ 00000001800130b4 f i libucrt:output.obj
 0001:00012300       ?type_case_c_tchar@?$output_processor@DV?$string_output_adapter@D@__crt_stdio_output@@V?$format_validation_base@DV?$string_output_adapter@D@__crt_stdio_output@@@2@@__crt_stdio_output@@AEAA_ND@Z 0000000180013300 f i libucrt:output.obj
 0001:00012300       ?type_case_c_tchar@?$output_processor@DV?$string_output_adapter@D@__crt_stdio_output@@V?$standard_base@DV?$string_output_adapter@D@__crt_stdio_output@@@2@@__crt_stdio_output@@AEAA_ND@Z 0000000180013300 f i libucrt:output.obj
 0001:000123c4       ?type_case_n@?$output_processor@DV?$string_output_adapter@D@__crt_stdio_output@@V?$format_validation_base@DV?$string_output_adapter@D@__crt_stdio_output@@@2@@__crt_stdio_output@@AEAA_NXZ 00000001800133c4 f i libucrt:output.obj
 0001:000123c4       ?type_case_n@?$output_processor@DV?$string_output_adapter@D@__crt_stdio_output@@V?$standard_base@DV?$string_output_adapter@D@__crt_stdio_output@@@2@@__crt_stdio_output@@AEAA_NXZ 00000001800133c4 f i libucrt:output.obj
 0001:00012478       ?type_case_s@?$output_processor@DV?$string_output_adapter@D@__crt_stdio_output@@V?$format_validation_base@DV?$string_output_adapter@D@__crt_stdio_output@@@2@@__crt_stdio_output@@AEAA_NXZ 0000000180013478 f i libucrt:output.obj
 0001:00012478       ?type_case_s@?$output_processor@DV?$string_output_adapter@D@__crt_stdio_output@@V?$standard_base@DV?$string_output_adapter@D@__crt_stdio_output@@@2@@__crt_stdio_output@@AEAA_NXZ 0000000180013478 f i libucrt:output.obj
 0001:00012510       ?update_locale_slow@__crt_cached_ptd_host@@AEAAXXZ 0000000180013510 f i libucrt:output.obj
 0001:00012588       ?write_string@?$string_output_adapter@D@__crt_stdio_output@@QEBAXQEBDHQEAHAEAV__crt_cached_ptd_host@@@Z 0000000180013588 f i libucrt:output.obj
 0001:0001262c       __stdio_common_vsprintf    000000018001362c f   libucrt:output.obj
 0001:00012880       __stdio_common_vsprintf_s  0000000180013880 f   libucrt:output.obj
 0001:00012994       ??$parse_integer@KV?$c_string_character_source@D@__crt_strtox@@$00@__crt_strtox@@YAKAEAV__crt_cached_ptd_host@@V?$c_string_character_source@D@0@H_N@Z 0000000180013994 f i libucrt:atox.obj
 0001:00012c74       _ischartype_l              0000000180013c74 f i libucrt:atox.obj
 0001:00012cec       atol                       0000000180013cec f   libucrt:atox.obj
 0001:00012db0       strncmp                    0000000180013db0 f   libucrt:strncmp.obj
 0001:00012e30       calloc                     0000000180013e30 f   libucrt:calloc.obj
 0001:00012e38       wcsncmp                    0000000180013e38 f   libucrt:wcsncmp.obj
 0001:00012e64       _free_base                 0000000180013e64 f   libucrt:free_base.obj
 0001:00013218       __acrt_freeptd             0000000180014218 f   libucrt:per_thread_data.obj
 0001:0001325c       __acrt_getptd              000000018001425c f   libucrt:per_thread_data.obj
 0001:00013330       __acrt_getptd_head         0000000180014330 f   libucrt:per_thread_data.obj
 0001:000133d4       __acrt_getptd_noexit       00000001800143d4 f   libucrt:per_thread_data.obj
 0001:0001349c       __acrt_getptd_noexit_explicit 000000018001449c f   libucrt:per_thread_data.obj
 0001:0001355c       __acrt_initialize_ptd      000000018001455c f   libucrt:per_thread_data.obj
 0001:00013598       __acrt_uninitialize_ptd    0000000180014598 f   libucrt:per_thread_data.obj
 0001:000135bc       __acrt_initialize_locks    00000001800145bc f   libucrt:locks.obj
 0001:00013604       __acrt_lock                0000000180014604 f   libucrt:locks.obj
 0001:00013620       __acrt_uninitialize_locks  0000000180014620 f   libucrt:locks.obj
 0001:00013658       __acrt_unlock              0000000180014658 f   libucrt:locks.obj
 0001:00013674       __acrt_get_process_end_policy 0000000180014674 f   libucrt:win_policies.obj
 0001:000136b0       ?get_raw_ptd_noexit@__crt_cached_ptd_host@@QEAAPEAU__acrt_ptd@@XZ 00000001800146b0 f i libucrt:invalid_parameter.obj
 0001:0001371c       ?value@?$dual_state_global@P6AXPEB_W00I_K@Z@__crt_state_management@@QEAAAEAP6AXPEB_W00I_K@ZAEAV__crt_cached_ptd_host@@@Z 000000018001471c f i libucrt:invalid_parameter.obj
 0001:00013768       __acrt_call_reportfault    0000000180014768 f   libucrt:invalid_parameter.obj
 0001:000138c4       __acrt_initialize_invalid_parameter_handler 00000001800148c4 f   libucrt:invalid_parameter.obj
 0001:000138cc       _invalid_parameter         00000001800148cc f   libucrt:invalid_parameter.obj
 0001:00013968       _invalid_parameter_internal 0000000180014968 f   libucrt:invalid_parameter.obj
 0001:00013a38       _invalid_parameter_noinfo  0000000180014a38 f   libucrt:invalid_parameter.obj
 0001:00013a58       _invoke_watson             0000000180014a58 f   libucrt:invalid_parameter.obj
 0001:00013aa0       __acrt_errno_from_os_error 0000000180014aa0 f   libucrt:errno.obj
 0001:00013ae8       __acrt_errno_map_os_error  0000000180014ae8 f   libucrt:errno.obj
 0001:00013b30       __acrt_errno_map_os_error_ptd 0000000180014b30 f   libucrt:errno.obj
 0001:00013b54       __doserrno                 0000000180014b54 f   libucrt:errno.obj
 0001:00013b74       _errno                     0000000180014b74 f   libucrt:errno.obj
 0001:00013b94       _calloc_base               0000000180014b94 f   libucrt:calloc_base.obj
 0001:00013c20       ??$__acrt_convert_wcs_mbs_cp@D_WV<lambda_7c9dea7b4ca7285d2cdb541a38da6275>@@U__crt_win32_buffer_internal_dynamic_resizing@@@@YAHQEBDAEAV?$__crt_win32_buffer@_WU__crt_win32_buffer_internal_dynamic_resizing@@@@AEBV<lambda_7c9dea7b4ca7285d2cdb541a38da6275>@@I@Z 0000000180014c20 f i libucrt:argv_wildcards.obj
 0001:00013d9c       ??$__acrt_convert_wcs_mbs_cp@_WDV<lambda_d8593a27d1aa8c02be35c86a17d324c4>@@U__crt_win32_buffer_internal_dynamic_resizing@@@@YAHQEB_WAEAV?$__crt_win32_buffer@DU__crt_win32_buffer_internal_dynamic_resizing@@@@AEBV<lambda_d8593a27d1aa8c02be35c86a17d324c4>@@I@Z 0000000180014d9c f i libucrt:argv_wildcards.obj
 0001:00014644       ??0_LocaleUpdate@@QEAA@QEAU__crt_locale_pointers@@@Z 0000000180015644 f i libucrt:argv_wildcards.obj
 0001:000146e0       __acrt_expand_narrow_argv_wildcards 00000001800156e0 f   libucrt:argv_wildcards.obj
 0001:000146e8       ??$__acrt_convert_wcs_mbs_cp@_WDV<lambda_f788ae46380686e8b737efdd8c720d07>@@U__crt_win32_buffer_no_resizing@@@@YAHQEB_WAEAV?$__crt_win32_buffer@DU__crt_win32_buffer_no_resizing@@@@AEBV<lambda_f788ae46380686e8b737efdd8c720d07>@@I@Z 00000001800156e8 f i libucrt:getmodulefilenamea.obj
 0001:00014804       __acrt_GetModuleFileNameA  0000000180015804 f   libucrt:getmodulefilenamea.obj
 0001:00015120       __acrt_initialize_multibyte 0000000180016120 f   libucrt:mbctype.obj
 0001:00015180       __acrt_update_thread_multibyte_data 0000000180016180 f   libucrt:mbctype.obj
 0001:0001519c       _setmbcp_nolock            000000018001619c f   libucrt:mbctype.obj
 0001:000154d0       _ismbblead                 00000001800164d0 f   libucrt:ismbbyte.obj
 0001:000154e4       __acrt_initialize_command_line 00000001800164e4 f   libucrt:argv_data.obj
 0001:0001550c       __acrt_MultiByteToWideChar 000000018001650c f   libucrt:multibytetowidechar.obj
 0001:00015568       __acrt_WideCharToMultiByte 0000000180016568 f   libucrt:widechartomultibyte.obj
 0001:00015618       __dcrt_get_narrow_environment_from_os 0000000180016618 f   libucrt:get_environment_from_os.obj
 0001:00015728       _recalloc_base             0000000180016728 f   libucrt:recalloc.obj
 0001:00015980       __acrt_AppPolicyGetProcessTerminationMethodInternal 0000000180016980 f   libucrt:winapi_thunks.obj
 0001:000159d8       __acrt_AreFileApisANSI     00000001800169d8 f   libucrt:winapi_thunks.obj
 0001:00015a1c       __acrt_FlsAlloc            0000000180016a1c f   libucrt:winapi_thunks.obj
 0001:00015a24       __acrt_FlsFree             0000000180016a24 f   libucrt:winapi_thunks.obj
 0001:00015a2c       __acrt_FlsGetValue         0000000180016a2c f   libucrt:winapi_thunks.obj
 0001:00015a34       __acrt_FlsSetValue         0000000180016a34 f   libucrt:winapi_thunks.obj
 0001:00015a3c       __acrt_InitializeCriticalSectionEx 0000000180016a3c f   libucrt:winapi_thunks.obj
 0001:00015aac       __acrt_LCMapStringEx       0000000180016aac f   libucrt:winapi_thunks.obj
 0001:00015b98       __acrt_LocaleNameToLCID    0000000180016b98 f   libucrt:winapi_thunks.obj
 0001:00015bf8       __acrt_initialize_winapi_thunks 0000000180016bf8 f   libucrt:winapi_thunks.obj
 0001:00015c1c       __acrt_uninitialize_winapi_thunks 0000000180016c1c f   libucrt:winapi_thunks.obj
 0001:00015c60       __acrt_initialize_heap     0000000180016c60 f   libucrt:heap_handle.obj
 0001:00015c7c       __acrt_uninitialize_heap   0000000180016c7c f   libucrt:heap_handle.obj
 0001:00015e80       __acrt_initialize_lowio    0000000180016e80 f   libucrt:ioinit.obj
 0001:00015ebc       __acrt_uninitialize_lowio  0000000180016ebc f   libucrt:ioinit.obj
 0001:00015efc       __acrt_execute_initializers 0000000180016efc f   libucrt:shared_initialization.obj
 0001:00015f90       __acrt_execute_uninitializers 0000000180016f90 f   libucrt:shared_initialization.obj
 0001:00015fd8       __acrt_initialize_new_handler 0000000180016fd8 f   libucrt:new_handler.obj
 0001:00015fe0       _callnewh                  0000000180016fe0 f   libucrt:new_handler.obj
 0001:0001601c       _query_new_handler         000000018001701c f   libucrt:new_handler.obj
 0001:00016098       __acrt_get_sigabrt_handler 0000000180017098 f   libucrt:signal.obj
 0001:000160c8       __acrt_initialize_signal_handlers 00000001800170c8 f   libucrt:signal.obj
 0001:000160e8       raise                      00000001800170e8 f   libucrt:signal.obj
 0001:00016368       __acrt_has_user_matherr    0000000180017368 f   libucrt:matherr.obj
 0001:00016388       __acrt_initialize_user_matherr 0000000180017388 f   libucrt:matherr.obj
 0001:00016390       __acrt_invoke_user_matherr 0000000180017390 f   libucrt:matherr.obj
 0001:000165a4       __acrt_stdio_flush_nolock  00000001800175a4 f   libucrt:fflush.obj
 0001:00016630       _fflush_nolock             0000000180017630 f   libucrt:fflush.obj
 0001:00016704       _flushall                  0000000180017704 f   libucrt:fflush.obj
 0001:0001670c       __acrt_initialize_stdio    000000018001770c f   libucrt:_file.obj
 0001:0001682c       __acrt_uninitialize_stdio  000000018001782c f   libucrt:_file.obj
 0001:00016888       _lock_file                 0000000180017888 f   libucrt:_file.obj
 0001:00016894       _unlock_file               0000000180017894 f   libucrt:_file.obj
 0001:000168a0       _malloc_base               00000001800178a0 f   libucrt:malloc_base.obj
 0001:00016900       strnlen                    0000000180017900 f   libucrt:strnlen.obj
 0001:00016a50       wcsnlen                    0000000180017a50 f   libucrt:strnlen.obj
 0001:00016c28       __acrt_update_locale_info  0000000180017c28 f   libucrt:locale_update.obj
 0001:00016c5c       __acrt_update_locale_info_explicit 0000000180017c5c f   libucrt:locale_update.obj
 0001:00016c94       __acrt_update_multibyte_info 0000000180017c94 f   libucrt:locale_update.obj
 0001:00016cc8       __acrt_update_multibyte_info_explicit 0000000180017cc8 f   libucrt:locale_update.obj
 0001:00017830       __acrt_fp_format           0000000180018830 f   libucrt:cvt.obj
 0001:00017b18       _wctomb_internal           0000000180018b18 f   libucrt:wctomb.obj
 0001:00017cc8       _mbtowc_internal           0000000180018cc8 f   libucrt:mbtowc.obj
 0001:00017e40       _fileno                    0000000180018e40 f   libucrt:fileno.obj
 0001:00017e68       _get_printf_count_output   0000000180018e68 f   libucrt:printf_count_output.obj
 0001:00017ef0       __acrt_set_locale_changed  0000000180018ef0 f   libucrt:wsetlocale.obj
 0001:00017efc       __acrt_uninitialize_locale 0000000180018efc f   libucrt:wsetlocale.obj
 0001:00017f2c       __pctype_func              0000000180018f2c f   libucrt:ctype.obj
 0001:00017f5c       _isctype_l                 0000000180018f5c f   libucrt:isctype.obj
 0001:00018064       __acrt_add_locale_ref      0000000180019064 f   libucrt:locale_refcounting.obj
 0001:000180f0       __acrt_free_locale         00000001800190f0 f   libucrt:locale_refcounting.obj
 0001:00018268       __acrt_locale_add_lc_time_reference 0000000180019268 f   libucrt:locale_refcounting.obj
 0001:00018290       __acrt_locale_free_lc_time_if_unreferenced 0000000180019290 f   libucrt:locale_refcounting.obj
 0001:000182c8       __acrt_locale_release_lc_time_reference 00000001800192c8 f   libucrt:locale_refcounting.obj
 0001:000182f0       __acrt_release_locale_ref  00000001800192f0 f   libucrt:locale_refcounting.obj
 0001:00018398       __acrt_update_thread_locale_data 0000000180019398 f   libucrt:locale_refcounting.obj
 0001:00018408       _updatetlocinfoEx_nolock   0000000180019408 f   libucrt:locale_refcounting.obj
 0001:00018470       _query_new_mode            0000000180019470 f   libucrt:new_mode.obj
 0001:00018480       qsort                      0000000180019480 f   libucrt:qsort.obj
 0001:00018890       strncpy_s                  0000000180019890 f   libucrt:strncpy_s.obj
 0001:00018a20       strpbrk                    0000000180019a20 f   libucrt:strpbrk.obj
 0001:00018de8       _mbsdec                    0000000180019de8 f   libucrt:mbsdec.obj
 0001:00018df0       _mbsdec_l                  0000000180019df0 f   libucrt:mbsdec.obj
 0001:00018e84       __acrt_GetStringTypeA      0000000180019e84 f   libucrt:getstringtypea.obj
 0001:00019340       __acrt_LCMapStringA        000000018001a340 f   libucrt:lcmapstringa.obj
 0001:000193f0       _msize_base                000000018001a3f0 f   libucrt:msize.obj
 0001:0001942c       _realloc_base              000000018001a42c f   libucrt:realloc_base.obj
 0001:000194a8       __acrt_DownlevelLocaleNameToLCID 000000018001a4a8 f   libucrt:lcidtoname_downlevel.obj
 0001:00019550       __acrt_lowio_create_handle_array 000000018001a550 f   libucrt:osfinfo.obj
 0001:000195f8       __acrt_lowio_destroy_handle_array 000000018001a5f8 f   libucrt:osfinfo.obj
 0001:00019648       __acrt_lowio_ensure_fh_exists 000000018001a648 f   libucrt:osfinfo.obj
 0001:000196f0       __acrt_lowio_lock_fh       000000018001a6f0 f   libucrt:osfinfo.obj
 0001:00019718       __acrt_lowio_unlock_fh     000000018001a718 f   libucrt:osfinfo.obj
 0001:00019740       _free_osfhnd               000000018001a740 f   libucrt:osfinfo.obj
 0001:000197fc       _get_osfhandle             000000018001a7fc f   libucrt:osfinfo.obj
 0001:00019900       _commit                    000000018001a900 f   libucrt:commit.obj
 0001:0001a1b0       _write_internal            000000018001b1b0 f   libucrt:write.obj
 0001:0001a2d8       _write_nolock              000000018001b2d8 f   libucrt:write.obj
 0001:0001a5e8       _fcloseall                 000000018001b5e8 f   libucrt:closeall.obj
 0001:0001a69c       __acrt_stdio_free_buffer_nolock 000000018001b69c f   libucrt:_freebuf.obj
 0001:0001a6dc       _isatty                    000000018001b6dc f   libucrt:isatty.obj
 0001:0001a73c       __acrt_fp_strflt_to_string 000000018001b73c f   libucrt:_fptostr.obj
 0001:0001a8c0       ?divide@__crt_strtox@@YA_KAEAUbig_integer@1@AEBU21@@Z 000000018001b8c0 f i libucrt:cfout.obj
 0001:0001ad4c       __acrt_fltout              000000018001bd4c f   libucrt:cfout.obj
 0001:0001c014       fegetround                 000000018001d014 f   libucrt:fegetround.obj
 0001:0001c028       ?__c32rtomb_utf8@__crt_mbstring@@YA_KPEAD_UPEAU_Mbstatet@@AEAV__crt_cached_ptd_host@@@Z 000000018001d028 f   libucrt:c32rtomb.obj
 0001:0001c0cc       ?__mbrtowc_utf8@__crt_mbstring@@YA_KPEA_WPEBD_KPEAU_Mbstatet@@AEAV__crt_cached_ptd_host@@@Z 000000018001d0cc f   libucrt:mbrtowc.obj
 0001:0001c110       ?__mbsrtowcs_utf8@__crt_mbstring@@YA_KPEA_WPEAPEBD_KPEAU_Mbstatet@@AEAV__crt_cached_ptd_host@@@Z 000000018001d110 f   libucrt:mbrtowc.obj
 0001:0001c2b4       __acrt_locale_free_monetary 000000018001d2b4 f   libucrt:initmon.obj
 0001:0001c3c0       __acrt_locale_free_numeric 000000018001d3c0 f   libucrt:initnum.obj
 0001:0001c460       __acrt_locale_free_time    000000018001d460 f   libucrt:inittime.obj
 0001:0001c568       __strncnt                  000000018001d568 f   libucrt:strncnt.obj
 0001:0001c580       __ascii_wcsnicmp           000000018001d580 f   libucrt:wcsnicmp.obj
 0001:0001c5cc       _query_app_type            000000018001d5cc f   libucrt:report_runtime_error.obj
 0001:0001c680       _lseeki64_nolock_internal  000000018001d680 f   libucrt:lseek.obj
 0001:0001c688       _putwch_nolock             000000018001d688 f   libucrt:putwch.obj
 0001:0001c7e4       fclose                     000000018001d7e4 f   libucrt:fclose.obj
 0001:0001c87c       _controlfp_s               000000018001d87c f   libucrt:contrlfp.obj
 0001:0001c8e0       fegetenv                   000000018001d8e0 f   libucrt:fegetenv.obj
 0001:0001c900       fesetenv                   000000018001d900 f   libucrt:fesetenv.obj
 0001:0001c94c       feholdexcept               000000018001d94c f   libucrt:feholdexcept.obj
 0001:0001c99c       ceil                       000000018001d99c f   libucrt:ceil.obj
 0001:0001ca60       log10                      000000018001da60 f   libucrt:log10.obj
 0001:0001d00c       __acrt_fenv_get_common_round_control 000000018001e00c f   libucrt:_fenvutils.obj
 0001:0001d018       __acrt_fenv_get_control    000000018001e018 f   libucrt:_fenvutils.obj
 0001:0001d0fc       __acrt_fenv_get_status     000000018001e0fc f   libucrt:_fenvutils.obj
 0001:0001d154       __acrt_fenv_set_control    000000018001e154 f   libucrt:_fenvutils.obj
 0001:0001d290       __acrt_fenv_set_status     000000018001e290 f   libucrt:_fenvutils.obj
 0001:0001d304       ?reset_and_return@__crt_mbstring@@YA_K_KPEAU_Mbstatet@@@Z 000000018001e304 f   libucrt:common_utf8.obj
 0001:0001d30c       ?return_illegal_sequence@__crt_mbstring@@YA_KPEAU_Mbstatet@@AEAV__crt_cached_ptd_host@@@Z 000000018001e30c f   libucrt:common_utf8.obj
 0001:0001d320       ?__mbrtoc32_utf8@__crt_mbstring@@YA_KPEA_UPEBD_KPEAU_Mbstatet@@AEAV__crt_cached_ptd_host@@@Z 000000018001e320 f   libucrt:mbrtoc32.obj
 0001:0001d4fc       __dcrt_lowio_ensure_console_output_initialized 000000018001e4fc f   libucrt:initcon.obj
 0001:0001d550       __dcrt_terminate_console_output 000000018001e550 f   libucrt:initcon.obj
 0001:0001d56c       __dcrt_write_console       000000018001e56c f   libucrt:initcon.obj
 0001:0001d6a4       _close_internal            000000018001e6a4 f   libucrt:close.obj
 0001:0001d768       _close_nolock_internal     000000018001e768 f   libucrt:close.obj
 0001:0001d838       ?__acrt_stdio_free_stream@@YAXV__crt_stdio_stream@@@Z 000000018001e838 f   libucrt:stream.obj
 0001:0001d854       _clearfp                   000000018001e854 f   libucrt:ieee.obj
 0001:0001d8c4       _control87                 000000018001e8c4 f   libucrt:ieee.obj
 0001:0001dcb0       _handle_error              000000018001ecb0 f   libucrt:libm_error.obj
 0001:0001ddd8       _handle_nan                000000018001edd8 f   libucrt:libm_error.obj
 0001:0001de00       __acrt_initialize_fma3     000000018001ee00 f   libucrt:fma3_available.obj
 0001:0001de70       _log10_special             000000018001ee70 f   libucrt:log_special.obj
 0001:0001df40       _get_fpsr                  000000018001ef40 f   libucrt:fpsr.obj
 0001:0001df50       _set_fpsr                  000000018001ef50 f   libucrt:fpsr.obj
 0001:0001df5a       _fclrf                     000000018001ef5a f   libucrt:fpsr.obj
 0001:0001df6e       _frnd                      000000018001ef6e f   libucrt:fpsr.obj
 0001:0001df90       _raise_exc                 000000018001ef90 f   libucrt:fpexcept.obj
 0001:0001dfb8       _raise_exc_ex              000000018001efb8 f   libucrt:fpexcept.obj
 0001:0001e2c8       _set_errno_from_matherr    000000018001f2c8 f   libucrt:fpexcept.obj
 0001:0001e2f8       _clrfp                     000000018001f2f8 f   libucrt:fpctrl.obj
 0001:0001e318       _ctrlfp                    000000018001f318 f   libucrt:fpctrl.obj
 0001:0001e394       _set_statfp                000000018001f394 f   libucrt:fpctrl.obj
 0001:0001e3b4       _statfp                    000000018001f3b4 f   libucrt:fpctrl.obj
 0001:0001e3d0       _FindPESection             000000018001f3d0 f   LIBCMT:pesect.obj
 0001:0001e420       _IsNonwritableInCurrentImage 000000018001f420 f   LIBCMT:pesect.obj
 0001:0001e470       _ValidateImageBase         000000018001f470 f   LIBCMT:pesect.obj
 0001:0001e49c       __GSHandlerCheck           000000018001f49c f   LIBCMT:gshandler.obj
 0001:0001e4bc       __GSHandlerCheckCommon     000000018001f4bc f   LIBCMT:gshandler.obj
 0001:0001e530       __security_check_cookie    000000018001f530 f   LIBCMT:amdsecgs.obj
 0001:0001e550       __GSHandlerCheck_SEH       000000018001f550 f   LIBCMT:gshandlerseh.obj
 0001:0001e5d8       __raise_securityfailure    000000018001f5d8 f   LIBCMT:gs_report.obj
 0001:0001e60c       __report_gsfailure         000000018001f60c f   LIBCMT:gs_report.obj
 0001:0001e6e0       __report_rangecheckfailure 000000018001f6e0 f   LIBCMT:gs_report.obj
 0001:0001e6f4       __report_securityfailure   000000018001f6f4 f   LIBCMT:gs_report.obj
 0001:0001e890       __chkstk                   000000018001f890 f   LIBCMT:chkstk.obj
 0001:0001e890       _alloca_probe              000000018001f890 f   LIBCMT:chkstk.obj
 0001:0001e8e0       __GSHandlerCheck_EH        000000018001f8e0 f   LIBCMT:gshandlereh.obj
 0001:0001e960       __C_specific_handler_noexcept 000000018001f960 f   libvcruntime:chandler_noexcept.obj
 0001:0001e9ac       strrchr                    000000018001f9ac f   libvcruntime:strrchr.obj
 0001:0001eb00       memcmp                     000000018001fb00 f   libvcruntime:memcmp.obj
 0001:0001ebe0       _guard_dispatch_icall_nop  000000018001fbe0 f   LIBCMT:guard_dispatch.obj
 0001:0001ec00       _guard_xfg_dispatch_icall_nop 000000018001fc00 f   LIBCMT:guard_xfg_dispatch.obj
 0002:00000000       __imp_LoadLibraryA         0000000180021000     kernel32:KERNEL32.dll
 0002:00000008       __imp_WriteConsoleW        0000000180021008     kernel32:KERNEL32.dll
[...]
 0002:0000abc8       $unwind$?fp_format_a@@YAHQEBNPEAD_KQEAD2H_NIW4__acrt_rounding_mode@@AEAV__crt_cached_ptd_host@@@Z 000000018002bbc8     libucrt:cvt.obj
 0002:0000abe4       $unwind$?fp_format_g@@YAHQEBNQEAD_K12H_NIW4__acrt_rounding_mode@@AEAV__crt_cached_ptd_host@@@Z 000000018002bbe4     libucrt:cvt.obj
 0002:0000abfc       $unwind$_wctomb_internal   000000018002bbfc     libucrt:wctomb.obj
 0002:0000ac10       $unwind$??$?RV<lambda_410d79af7f07d98d83a3f525b3859a53>@@AEAV<lambda_3e16ef9562a7dcce91392c22ab16ea36>@@V<lambda_38119f0e861e05405d8a144b9b982f0a>@@@?$__crt_seh_guarded_call@X@@QEAAX$$QEAV<lambda_410d79af7f07d98d83a3f525b3859a53>@@AEAV<lambda_3e16ef9562a7dcce91392c22ab16ea36>@@$$QEAV<lambda_38119f0e861e05405d8a144b9b982f0a>@@@Z 000000018002bc10     libucrt:wsetlocale.obj
 0002:0000ac38       $unwind$_isctype_l         000000018002bc38     libucrt:isctype.obj
 0002:0000ac54       $unwind$__acrt_update_thread_locale_data 000000018002bc54     libucrt:locale_refcounting.obj
 0002:0000ac78       $unwind$qsort              000000018002bc78     libucrt:qsort.obj
 0002:0000ac90       $chain$4$qsort             000000018002bc90     libucrt:qsort.obj
 0002:0000acb4       $chain$5$qsort             000000018002bcb4     libucrt:qsort.obj
 0002:0000acc4       $unwind$strpbrk            000000018002bcc4     libucrt:strpbrk.obj
 0002:0000acd4       $unwind$fallbackMethod     000000018002bcd4     libucrt:strpbrk.obj
 0002:0000ace4       $unwind$__acrt_GetStringTypeA 000000018002bce4     libucrt:getstringtypea.obj
 0002:0000ad0c       $unwind$__acrt_LCMapStringA 000000018002bd0c     libucrt:lcmapstringa.obj
 0002:0000ad1c       $unwind$?__acrt_LCMapStringA_stat@@YAHPEAU__crt_locale_pointers@@PEB_WKPEBDHPEADHHH@Z 000000018002bd1c     libucrt:lcmapstringa.obj
 0002:0000ad44       $unwind$__acrt_lowio_destroy_handle_array 000000018002bd44     libucrt:osfinfo.obj
 0002:0000ad54       $unwind$__acrt_lowio_ensure_fh_exists 000000018002bd54     libucrt:osfinfo.obj
 0002:0000ad80       $unwind$_commit            000000018002bd80     libucrt:commit.obj
 0002:0000ad88       $unwind$??$?RV<lambda_a37b2b86f63e897a80ea819b0eb08c01>@@AEAV<lambda_38ce7e780aa69e748d6df282ebc68efe>@@V<lambda_99fb1378e971ab6e7edea83e3a7a83a2>@@@?$__crt_seh_guarded_call@H@@QEAAH$$QEAV<lambda_a37b2b86f63e897a80ea819b0eb08c01>@@AEAV<lambda_38ce7e780aa69e748d6df282ebc68efe>@@$$QEAV<lambda_99fb1378e971ab6e7edea83e3a7a83a2>@@@Z 000000018002bd88     libucrt:commit.obj
 0002:0000adac       $unwind$_write_nolock      000000018002bdac     libucrt:write.obj
 0002:0000adc4       $unwind$_write_internal    000000018002bdc4     libucrt:write.obj
 0002:0000adf4       $unwind$?write_double_translated_ansi_nolock@@YA?AUwrite_result@?A0x17268360@@HQEBDIAEAV__crt_cached_ptd_host@@@Z 000000018002bdf4     libucrt:write.obj
 0002:0000ae20       $ip2state$?write_double_translated_ansi_nolock@@YA?AUwrite_result@?A0x17268360@@HQEBDIAEAV__crt_cached_ptd_host@@@Z 000000018002be20     libucrt:write.obj
 0002:0000ae28       $unwind$?write_text_ansi_nolock@@YA?AUwrite_result@?A0x17268360@@HQEBDI@Z 000000018002be28     libucrt:write.obj
 0002:0000ae28       $unwind$?write_text_utf16le_nolock@@YA?AUwrite_result@?A0x17268360@@HQEBDI@Z 000000018002be28     libucrt:write.obj
 0002:0000ae48       $unwind$?write_text_utf8_nolock@@YA?AUwrite_result@?A0x17268360@@HQEBDI@Z 000000018002be48     libucrt:write.obj
 0002:0000ae6c       $unwind$_fcloseall         000000018002be6c     libucrt:closeall.obj
 0002:0000ae90       $unwind$__acrt_fp_strflt_to_string 000000018002be90     libucrt:_fptostr.obj
 0002:0000aeac       $unwind$__acrt_fltout      000000018002beac     libucrt:cfout.obj
 0002:0000aecc       $unwind$?divide@__crt_strtox@@YA_KAEAUbig_integer@1@AEBU21@@Z 000000018002becc     libucrt:cfout.obj
 0002:0000aee4       $chain$0$?divide@__crt_strtox@@YA_KAEAUbig_integer@1@AEBU21@@Z 000000018002bee4     libucrt:cfout.obj
 0002:0000aef8       $chain$1$?divide@__crt_strtox@@YA_KAEAUbig_integer@1@AEBU21@@Z 000000018002bef8     libucrt:cfout.obj
 0002:0000af08       $unwind$?__mbsrtowcs_utf8@__crt_mbstring@@YA_KPEA_WPEAPEBD_KPEAU_Mbstatet@@AEAV__crt_cached_ptd_host@@@Z 000000018002bf08     libucrt:mbrtowc.obj
 0002:0000af20       $unwind$__acrt_locale_free_monetary 000000018002bf20     libucrt:initmon.obj
 0002:0000af28       $unwind$__acrt_locale_free_time 000000018002bf28     libucrt:inittime.obj
 0002:0000af38       $unwind$_putwch_nolock     000000018002bf38     libucrt:putwch.obj
 0002:0000af40       $unwind$?_fclose_nolock_internal@@YAHQEAU_iobuf@@AEAV__crt_cached_ptd_host@@@Z 000000018002bf40     libucrt:fclose.obj
 0002:0000af50       $unwind$?_fclose_internal@@YAHQEAU_iobuf@@AEAV__crt_cached_ptd_host@@@Z 000000018002bf50     libucrt:fclose.obj
 0002:0000af78       $xdatasym                  000000018002bf78     libucrt:log10.obj
 0002:0000af84       $unwind$__acrt_fenv_set_control 000000018002bf84     libucrt:_fenvutils.obj
 0002:0000af94       $unwind$?__mbrtoc32_utf8@__crt_mbstring@@YA_KPEA_UPEBD_KPEAU_Mbstatet@@AEAV__crt_cached_ptd_host@@@Z 000000018002bf94     libucrt:mbrtoc32.obj
 0002:0000afb0       $unwind$_close_internal    000000018002bfb0     libucrt:close.obj
 0002:0000afb8       $unwind$??$?RV<lambda_ad8af0d99a0adf03d037d7dffe354bb5>@@AEAV<lambda_c9ba49e555ba839a7b07aa3fbecb7617>@@V<lambda_2f1ebd5d68526518146ae959c9e734c8>@@@?$__crt_seh_guarded_call@H@@QEAAH$$QEAV<lambda_ad8af0d99a0adf03d037d7dffe354bb5>@@AEAV<lambda_c9ba49e555ba839a7b07aa3fbecb7617>@@$$QEAV<lambda_2f1ebd5d68526518146ae959c9e734c8>@@@Z 000000018002bfb8     libucrt:close.obj
 0002:0000afdc       $unwind$common_control87   000000018002bfdc     libucrt:ieee.obj
 0002:0000b008       $unwind$_call_matherr      000000018002c008     libucrt:libm_error.obj
 0002:0000b010       $unwind$_handle_error      000000018002c010     libucrt:libm_error.obj
 0002:0000b030       $unwind$__acrt_initialize_fma3 000000018002c030     libucrt:fma3_available.obj
 0002:0000b038       $unwind$_log_special_common 000000018002c038     libucrt:log_special.obj
 0002:0000b048       $xdatasym                  000000018002c048     libucrt:fpsr.obj
 0002:0000b050       $unwind$_raise_exc_ex      000000018002c050     libucrt:fpexcept.obj
 0002:0000b064       $unwind$_ctrlfp            000000018002c064     libucrt:fpctrl.obj
 0002:0000b08c       $unwind$_IsNonwritableInCurrentImage 000000018002c08c     LIBCMT:pesect.obj
 0002:0000b0b0       $unwind$__GSHandlerCheckCommon 000000018002c0b0     LIBCMT:gshandler.obj
 0002:0000b0b8       $xdatasym                  000000018002c0b8     LIBCMT:amdsecgs.obj
 0002:0000b0bc       $unwind$__report_securityfailure 000000018002c0bc     LIBCMT:gs_report.obj
 0002:0000b0c4       $unwind$__report_gsfailure 000000018002c0c4     LIBCMT:gs_report.obj
 0002:0000b0cc       $unwind$capture_current_context 000000018002c0cc     LIBCMT:gs_report.obj
 0002:0000b0d8       $unwind$capture_previous_context 000000018002c0d8     LIBCMT:gs_report.obj
 0002:0000b0e8       $xdatasym                  000000018002c0e8     LIBCMT:chkstk.obj
 0002:0000b0f0       $unwind$strrchr            000000018002c0f0     libvcruntime:strrchr.obj
 0002:0000b0f8       $xdatasym                  000000018002c0f8     libvcruntime:memcmp.obj
 0002:0000b620       .edata                     000000018002c620     PhysXCooking_64.exp
 0002:0000b648       rgpv                       000000018002c648     PhysXCooking_64.exp
 0002:0000b730       rgszName                   000000018002c730     PhysXCooking_64.exp
 0002:0000b818       rgwOrd                     000000018002c818     PhysXCooking_64.exp
 0002:0000b88c       szName                     000000018002c88c     PhysXCooking_64.exp
 0002:0000b8a0       $N00001                    000000018002c8a0     PhysXCooking_64.exp
 0002:0000b8c4       $N00002                    000000018002c8c4     PhysXCooking_64.exp
 0002:0000b8f3       $N00003                    000000018002c8f3     PhysXCooking_64.exp
 0002:0000b91a       $N00004                    000000018002c91a     PhysXCooking_64.exp
 0002:0000b971       $N00005                    000000018002c971     PhysXCooking_64.exp
 0002:0000b99c       $N00006                    000000018002c99c     PhysXCooking_64.exp
 0002:0000b9c2       $N00007                    000000018002c9c2     PhysXCooking_64.exp
 0002:0000b9e1       $N00008                    000000018002c9e1     PhysXCooking_64.exp
 0002:0000ba05       $N00009                    000000018002ca05     PhysXCooking_64.exp
 0002:0000ba2c       $N00010                    000000018002ca2c     PhysXCooking_64.exp
 0002:0000ba55       $N00011                    000000018002ca55     PhysXCooking_64.exp
 0002:0000ba74       $N00012                    000000018002ca74     PhysXCooking_64.exp
 0002:0000baa7       $N00013                    000000018002caa7     PhysXCooking_64.exp
 0002:0000badd       $N00014                    000000018002cadd     PhysXCooking_64.exp
 0002:0000bb15       $N00015                    000000018002cb15     PhysXCooking_64.exp
 0002:0000bb47       $N00016                    000000018002cb47     PhysXCooking_64.exp
 0002:0000bb73       $N00017                    000000018002cb73     PhysXCooking_64.exp
 0002:0000bb8f       $N00018                    000000018002cb8f     PhysXCooking_64.exp
 0002:0000bbb9       $N00019                    000000018002cbb9     PhysXCooking_64.exp
 0002:0000bbf5       $N00020                    000000018002cbf5     PhysXCooking_64.exp
 0002:0000bc30       $N00021                    000000018002cc30     PhysXCooking_64.exp
 0002:0000bc6b       $N00022                    000000018002cc6b     PhysXCooking_64.exp
 0002:0000bca0       $N00023                    000000018002cca0     PhysXCooking_64.exp
 0002:0000bcdc       $N00024                    000000018002ccdc     PhysXCooking_64.exp
 0002:0000bd0f       $N00025                    000000018002cd0f     PhysXCooking_64.exp
 0002:0000bd42       $N00026                    000000018002cd42     PhysXCooking_64.exp
 0002:0000bd7c       $N00027                    000000018002cd7c     PhysXCooking_64.exp
 0002:0000bdb6       $N00028                    000000018002cdb6     PhysXCooking_64.exp
 0002:0000bde3       $N00029                    000000018002cde3     PhysXCooking_64.exp
 0002:0000be16       $N00030                    000000018002ce16     PhysXCooking_64.exp
 0002:0000be44       $N00031                    000000018002ce44     PhysXCooking_64.exp
 0002:0000be71       $N00032                    000000018002ce71     PhysXCooking_64.exp
 0002:0000bead       $N00033                    000000018002cead     PhysXCooking_64.exp
 0002:0000beea       $N00034                    000000018002ceea     PhysXCooking_64.exp
 0002:0000bf1a       $N00035                    000000018002cf1a     PhysXCooking_64.exp
 0002:0000bf31       $N00036                    000000018002cf31     PhysXCooking_64.exp
 0002:0000bf4c       $N00037                    000000018002cf4c     PhysXCooking_64.exp
 0002:0000bf63       $N00038                    000000018002cf63     PhysXCooking_64.exp
 0002:0000bf79       $N00039                    000000018002cf79     PhysXCooking_64.exp
 0002:0000bf90       $N00040                    000000018002cf90     PhysXCooking_64.exp
 0002:0000bfa8       $N00041                    000000018002cfa8     PhysXCooking_64.exp
 0002:0000bfb2       $N00042                    000000018002cfb2     PhysXCooking_64.exp
 0002:0000bfc3       $N00043                    000000018002cfc3     PhysXCooking_64.exp
 0002:0000bfd5       $N00044                    000000018002cfd5     PhysXCooking_64.exp
 0002:0000bfe8       $N00045                    000000018002cfe8     PhysXCooking_64.exp
 0002:0000bffe       $N00046                    000000018002cffe     PhysXCooking_64.exp
 0002:0000c011       $N00047                    000000018002d011     PhysXCooking_64.exp
 0002:0000c01d       $N00048                    000000018002d01d     PhysXCooking_64.exp
 0002:0000c031       $N00049                    000000018002d031     PhysXCooking_64.exp
 0002:0000c044       $N00050                    000000018002d044     PhysXCooking_64.exp
 0002:0000c058       $N00051                    000000018002d058     PhysXCooking_64.exp
 0002:0000c06d       $N00052                    000000018002d06d     PhysXCooking_64.exp
 0002:0000c085       $N00053                    000000018002d085     PhysXCooking_64.exp
 0002:0000c09a       $N00054                    000000018002d09a     PhysXCooking_64.exp
 0002:0000c0b7       $N00055                    000000018002d0b7     PhysXCooking_64.exp
 0002:0000c0d8       $N00056                    000000018002d0d8     PhysXCooking_64.exp
 0002:0000c0f7       $N00057                    000000018002d0f7     PhysXCooking_64.exp
 0002:0000c10c       $N00058                    000000018002d10c     PhysXCooking_64.exp
 0002:0000c3d8       .idata$6                   000000018002d3d8     kernel32:KERNEL32.dll
 0003:00000040       ?prefix@?1??getDimension@UnDecorator@@CA?AVDName@@_N@Z@4UStringLiteral@@A 000000018002e040     libvcruntime:undname.obj
 0003:00000050       ?__vcrt_flsindex@@3KA      000000018002e050     libvcruntime:per_thread_data.obj
 0003:00000070       ?__acrt_flsindex@@3KA      000000018002e070     libucrt:per_thread_data.obj
 0003:00000074       ?errno_no_memory@@3HA      000000018002e074     libucrt:errno.obj
 0003:00000078       ?doserrno_no_memory@@3KA   000000018002e078     libucrt:errno.obj
 0003:000002b0       _mbctypes                  000000018002e2b0     libucrt:mbctype.obj
 0003:000003c0       _mbcasemaps                000000018002e3c0     libucrt:mbctype.obj
 0003:000004c0       ?__rgctypeflag@@3PADA      000000018002e4c0     libucrt:mbctype.obj
 0003:000004d0       ?__rgcode_page_info@@3PAUcode_page_info@@A 000000018002e4d0     libucrt:mbctype.obj
 0003:000009e0       ?__dcrt_lowio_console_output_handle@@3PEAXEA 000000018002e9e0     libucrt:initcon.obj
 0003:000009e8       ?dazSupported@?1??common_control87@@9@9 000000018002e9e8     libucrt:ieee.obj
 0003:000009f0       ?dazSupported@?1??_ctrlfp@@9@9 000000018002e9f0     libucrt:fpctrl.obj
 0003:00000cb0       ?maxV3Error@vecMathTests@aos@physx@@3T__m128@@B 000000018002ecb0     Cooking.obj
 0003:00000cc0       ?minFError@vecMathTests@aos@physx@@3T__m128@@B 000000018002ecc0     Cooking.obj
 0003:00000cd0       ?maxV4Error@vecMathTests@aos@physx@@3T__m128@@B 000000018002ecd0     Cooking.obj
 0003:00000ce0       ?minV4Error@vecMathTests@aos@physx@@3T__m128@@B 000000018002ece0     Cooking.obj
 0003:00000cf0       ?minV3Error@vecMathTests@aos@physx@@3T__m128@@B 000000018002ecf0     Cooking.obj
 0003:00000d00       ?maxFError@vecMathTests@aos@physx@@3T__m128@@B 000000018002ed00     Cooking.obj
 0003:00000d10       ?gCookingDelayLoadHook@@3PEBVPxDelayLoadHook@physx@@EB 000000018002ed10     WindowsCookingDelayLoadHook.obj
 0003:00000d70       ?__proc_attached@@3HA      000000018002ed70     LIBCMT:dll_dllmain.obj
 0003:00000d98       ?is_initialized_as_dll@@3_NA 000000018002ed98     LIBCMT:utility.obj
 0003:00000d99       ?module_local_atexit_table_initialized@@3_NA 000000018002ed99     LIBCMT:utility.obj
 0003:00000da0       ?module_local_atexit_table@@3U_onexit_table_t@@A 000000018002eda0     LIBCMT:utility.obj
 0003:00000db8       ?module_local_at_quick_exit_table@@3U_onexit_table_t@@A 000000018002edb8     LIBCMT:utility.obj
 0003:00000e28       ?heap@@3V_HeapManager@@A   000000018002ee28     libvcruntime:undname.obj
 0003:00000e50       ?__vcrt_startup_thread_ptd@@3U__vcrt_ptd@@A 000000018002ee50     libvcruntime:per_thread_data.obj
 0003:00000ed0       __vcrt_lock_table          000000018002eed0     libvcruntime:locks.obj
 0003:00000ef8       __vcrt_locks_initialized   000000018002eef8     libvcruntime:locks.obj
 0003:00000f00       ?module_handles@@3PAPEAUHINSTANCE__@@A 000000018002ef00     libvcruntime:winapi_downlevel.obj
 0003:00000f18       ?function_pointers@@3PAPEAXA 000000018002ef18     libvcruntime:winapi_downlevel.obj
 0003:00000f40       ?c_termination_complete@@3JA 000000018002ef40     libucrt:exit.obj
 0003:00000f48       ?thread_local_exit_callback_func@@3P6AXPEAXK0@ZEA 000000018002ef48     libucrt:exit.obj
 0003:00000f60       ?program_name@?1???$common_configure_argv@D@@YAHW4_crt_argv_mode@@@Z@4PADA 000000018002ef60     libucrt:argv_parsing.obj
 0003:000010c0       ?__acrt_lock_table@@3PAU_RTL_CRITICAL_SECTION@@A 000000018002f0c0     libucrt:locks.obj
 0003:000012f0       ?__acrt_locks_initialized@@3IA 000000018002f2f0     libucrt:locks.obj
 0003:000012f8       ?__acrt_invalid_parameter_handler@@3V?$dual_state_global@P6AXPEB_W00I_K@Z@__crt_state_management@@A 000000018002f2f8     libucrt:invalid_parameter.obj
 0003:00001318       ?fSystemSet@@3HA           000000018002f318     libucrt:mbctype.obj
 0003:0000131c       ?initialized@?1??__acrt_initialize_multibyte@@9@4_NA 000000018002f31c     libucrt:mbctype.obj
 0003:00001350       ?module_handles@@3PAPEAUHINSTANCE__@@A 000000018002f350     libucrt:winapi_thunks.obj
 0003:000013f0       ?encoded_function_pointers@@3PAPEAXA 000000018002f3f0     libucrt:winapi_thunks.obj
 0003:000018f8       ?__acrt_new_handler@@3V?$dual_state_global@P6AH_K@Z@__crt_state_management@@A 000000018002f8f8     libucrt:new_handler.obj
 0003:00001900       ?ctrlc_action@@3V?$dual_state_global@P6AXH@Z@__crt_state_management@@A 000000018002f900     libucrt:signal.obj
 0003:00001908       ?ctrlbreak_action@@3V?$dual_state_global@P6AXH@Z@__crt_state_management@@A 000000018002f908     libucrt:signal.obj
 0003:00001910       ?abort_action@@3V?$dual_state_global@P6AXH@Z@__crt_state_management@@A 000000018002f910     libucrt:signal.obj
 0003:00001918       ?term_action@@3V?$dual_state_global@P6AXH@Z@__crt_state_management@@A 000000018002f918     libucrt:signal.obj
 0003:00001920       ?user_matherr@@3V?$dual_state_global@P6AHPEAU_exception@@@Z@__crt_state_management@@A 000000018002f920     libucrt:matherr.obj
 0003:00001950       ?internal_state@?1??_mbtowc_internal@@9@4U_Mbstatet@@A 000000018002f950     libucrt:mbtowc.obj
 0003:00001958       ?enable_percent_n@@3_KA    000000018002f958     libucrt:printf_count_output.obj
 0003:00001964       ?__acrt_global_new_mode@@3V?$dual_state_global@J@__crt_state_management@@A 000000018002f964     libucrt:new_mode.obj
 0003:00001970       ?__acrt_app_type@@3W4_crt_app_type@@A 000000018002f970     libucrt:report_runtime_error.obj
 0003:00001978       ?internal_pst@?1??__mbrtoc32_utf8@__crt_mbstring@@YA_KPEA_UPEBD_KPEAU_Mbstatet@@AEAV__crt_cached_ptd_host@@@Z@4U3@A 000000018002f978     libucrt:mbrtoc32.obj
 0003:00001990       GS_ExceptionRecord         000000018002f990     LIBCMT:gs_report.obj
 0003:00001a30       GS_ContextRecord           000000018002fa30     LIBCMT:gs_report.obj
 0005:00000000       SetSmall                   0000000180032000     libvcruntime:memset.obj
 0005:00000040       SetSmallYmm                0000000180032040     libvcruntime:memset.obj
 0005:00000064       SetSmallYmmNT              0000000180032064     libvcruntime:memset.obj
 0005:00000088       SetSmallXmm                0000000180032088     libvcruntime:memset.obj
 0005:000000b0       MoveSmall                  00000001800320b0     libvcruntime:memcpy.obj
 0005:000000f0       MoveSmallYmm               00000001800320f0     libvcruntime:memcpy.obj
 0005:00000114       MoveSmallYmmNT             0000000180032114     libvcruntime:memcpy.obj
 0005:00000138       MoveSmallXmm               0000000180032138     libvcruntime:memcpy.obj
 0006:000000a0       $R000000                   00000001800330a0     PhysXCooking.res
 0006:000003d0       $R000330                   00000001800333d0     PhysXCooking.res
